Component: ARM Compiler 5.06 update 7 (build 960) Tool: armlink [4d3601]

==============================================================================

Section Cross References

    startup_rvmdk.o(RESET) refers to startup_rvmdk.o(STACK) for StackMem
    startup_rvmdk.o(RESET) refers to usart.o(i.UART_RxHandler) for UART_RxHandler
    startup_rvmdk.o(RESET) refers to myadc.o(i.ADCGetValueHandler) for ADCGetValueHandler
    startup_rvmdk.o(RESET) refers to key.o(i.SW2_Handler) for SW2_Handler
    startup_rvmdk.o(RESET) refers to entry.o(.ARM.Collect$$$$00000000) for __main
    main.o(i.Get_Position) refers to uartstdio.o(i.UARTprintf) for UARTprintf
    main.o(i.Get_Position) refers to mytimer.o(.data) for duty
    main.o(i.main) refers to sysctl.o(i.SysCtlClockSet) for SysCtlClockSet
    main.o(i.main) refers to fpu.o(i.FPULazyStackingEnable) for FPULazyStackingEnable
    main.o(i.main) refers to usart.o(i.UART_Config) for UART_Config
    main.o(i.main) refers to mytimer.o(i.Capture_Init) for Capture_Init
    main.o(i.main) refers to uartstdio.o(i.UARTprintf) for UARTprintf
    main.o(i.main) refers to sysctl.o(i.SysCtlClockGet) for SysCtlClockGet
    main.o(i.main) refers to main.o(i.Get_Position) for Get_Position
    main.o(i.main) refers to sysctl.o(.emb_text) for SysCtlDelay
    key.o(i.Key_Config) refers to sysctl.o(i.SysCtlPeripheralEnable) for SysCtlPeripheralEnable
    key.o(i.Key_Config) refers to gpio.o(i.GPIOPinTypeGPIOInput) for GPIOPinTypeGPIOInput
    key.o(i.Key_Config) refers to gpio.o(i.GPIOPadConfigSet) for GPIOPadConfigSet
    key.o(i.Key_Detect) refers to gpio.o(i.GPIOPinRead) for GPIOPinRead
    key.o(i.Key_Detect) refers to gpio.o(i.GPIOPinWrite) for GPIOPinWrite
    key.o(i.Key_Interrupt_Config) refers to interrupt.o(i.IntMasterEnable) for IntMasterEnable
    key.o(i.Key_Interrupt_Config) refers to interrupt.o(i.IntEnable) for IntEnable
    key.o(i.Key_Interrupt_Config) refers to gpio.o(i.GPIOIntTypeSet) for GPIOIntTypeSet
    key.o(i.Key_Interrupt_Config) refers to gpio.o(i.GPIOIntEnable) for GPIOIntEnable
    key.o(i.Key_Interrupt_Config) refers to gpio.o(i.GPIOIntRegister) for GPIOIntRegister
    key.o(i.Key_Interrupt_Config) refers to gpio.o(i.GPIOIntClear) for GPIOIntClear
    key.o(i.Key_Interrupt_Config) refers to interrupt.o(i.IntPrioritySet) for IntPrioritySet
    key.o(i.Key_Interrupt_Config) refers to key.o(i.SW2_Handler) for SW2_Handler
    key.o(i.SW2_Handler) refers to gpio.o(i.GPIOIntStatus) for GPIOIntStatus
    key.o(i.SW2_Handler) refers to gpio.o(i.GPIOIntClear) for GPIOIntClear
    key.o(i.SW2_Handler) refers to uartstdio.o(i.UARTprintf) for UARTprintf
    key.o(i.SW2_Handler) refers to gpio.o(i.GPIOPinWrite) for GPIOPinWrite
    rgb.o(i.Rgb_Init) refers to sysctl.o(i.SysCtlPeripheralEnable) for SysCtlPeripheralEnable
    rgb.o(i.Rgb_Init) refers to gpio.o(i.GPIOPinTypeGPIOOutput) for GPIOPinTypeGPIOOutput
    rgb.o(i.Rgb_Init) refers to gpio.o(i.GPIOPinWrite) for GPIOPinWrite
    usart.o(i.Dma_Handler) refers to uartstdio.o(i.UARTprintf) for UARTprintf
    usart.o(i.Dma_Handler) refers to usart.o(.bss) for g_ui8RxBufA
    usart.o(i.Interrupt_Config) refers to interrupt.o(i.IntMasterEnable) for IntMasterEnable
    usart.o(i.Interrupt_Config) refers to interrupt.o(i.IntEnable) for IntEnable
    usart.o(i.Interrupt_Config) refers to uart.o(i.UARTIntEnable) for UARTIntEnable
    usart.o(i.Interrupt_Config) refers to uart.o(i.UARTFIFOEnable) for UARTFIFOEnable
    usart.o(i.Interrupt_Config) refers to uart.o(i.UARTFIFOLevelSet) for UARTFIFOLevelSet
    usart.o(i.Interrupt_Config) refers to uart.o(i.UARTIntRegister) for UARTIntRegister
    usart.o(i.Interrupt_Config) refers to interrupt.o(i.IntPrioritySet) for IntPrioritySet
    usart.o(i.Interrupt_Config) refers to usart.o(i.UART_RxHandler) for UART_RxHandler
    usart.o(i.UART_Config) refers to usart.o(i.USART_Init) for USART_Init
    usart.o(i.UART_Config) refers to usart.o(i.Interrupt_Config) for Interrupt_Config
    usart.o(i.UART_Config) refers to usart.o(i.UART_DMA_Config) for UART_DMA_Config
    usart.o(i.UART_Config) refers to uartstdio.o(i.UARTprintf) for UARTprintf
    usart.o(i.UART_Config) refers to usart.o(.bss) for g_ui8RxBufA
    usart.o(i.UART_DMA_Config) refers to sysctl.o(i.SysCtlPeripheralEnable) for SysCtlPeripheralEnable
    usart.o(i.UART_DMA_Config) refers to udma.o(i.uDMAChannelAssign) for uDMAChannelAssign
    usart.o(i.UART_DMA_Config) refers to udma.o(i.uDMAEnable) for uDMAEnable
    usart.o(i.UART_DMA_Config) refers to udma.o(i.uDMAControlBaseSet) for uDMAControlBaseSet
    usart.o(i.UART_DMA_Config) refers to uart.o(i.UARTDMAEnable) for UARTDMAEnable
    usart.o(i.UART_DMA_Config) refers to udma.o(i.uDMAChannelAttributeDisable) for uDMAChannelAttributeDisable
    usart.o(i.UART_DMA_Config) refers to udma.o(i.uDMAChannelControlSet) for uDMAChannelControlSet
[...]
    Removing adc.o(i.ADCComparatorIntEnable), (14 bytes).
    Removing adc.o(i.ADCComparatorIntStatus), (6 bytes).
    Removing adc.o(i.ADCComparatorRegionSet), (16 bytes).
    Removing adc.o(i.ADCComparatorReset), (34 bytes).
    Removing adc.o(i.ADCHardwareOversampleConfigure), (18 bytes).
    Removing adc.o(i.ADCIntClearEx), (8 bytes).
    Removing adc.o(i.ADCIntDisable), (12 bytes).
    Removing adc.o(i.ADCIntDisableEx), (8 bytes).
    Removing adc.o(i.ADCIntEnable), (18 bytes).
    Removing adc.o(i.ADCIntEnableEx), (8 bytes).
    Removing adc.o(i.ADCIntRegister), (38 bytes).
    Removing adc.o(i.ADCIntStatus), (54 bytes).
    Removing adc.o(i.ADCIntStatusEx), (22 bytes).
    Removing adc.o(i.ADCIntUnregister), (30 bytes).
    Removing adc.o(i.ADCPhaseDelayGet), (6 bytes).
    Removing adc.o(i.ADCPhaseDelaySet), (4 bytes).
    Removing adc.o(i.ADCProcessorTrigger), (24 bytes).
    Removing adc.o(i.ADCReferenceGet), (10 bytes).
    Removing adc.o(i.ADCReferenceSet), (12 bytes).
    Removing adc.o(i.ADCSequenceConfigure), (44 bytes).
    Removing adc.o(i.ADCSequenceDMADisable), (14 bytes).
    Removing adc.o(i.ADCSequenceDMAEnable), (14 bytes).
    Removing adc.o(i.ADCSequenceDisable), (12 bytes).
    Removing adc.o(i.ADCSequenceEnable), (12 bytes).
    Removing adc.o(i.ADCSequenceOverflow), (12 bytes).
    Removing adc.o(i.ADCSequenceOverflowClear), (8 bytes).
    Removing adc.o(i.ADCSequenceStepConfigure), (118 bytes).
    Removing adc.o(i.ADCSequenceUnderflow), (12 bytes).
    Removing adc.o(i.ADCSequenceUnderflowClear), (8 bytes).
    Removing adc.o(i.ADCSoftwareOversampleConfigure), (28 bytes).
    Removing adc.o(i.ADCSoftwareOversampleDataGet), (60 bytes).
    Removing adc.o(i.ADCSoftwareOversampleStepConfigure), (116 bytes).
    Removing adc.o(i._ADCIntNumberGet), (96 bytes).
    Removing adc.o(.data), (3 bytes).
    Removing aes.o(i.AESAuthLengthSet), (4 bytes).
    Removing aes.o(i.AESConfigSet), (16 bytes).
    Removing aes.o(i.AESDMADisable), (12 bytes).
    Removing aes.o(i.AESDMAEnable), (12 bytes).
    Removing aes.o(i.AESDataAuth), (58 bytes).
    Removing aes.o(i.AESDataProcess), (68 bytes).
    Removing aes.o(i.AESDataProcessAuth), (108 bytes).
    Removing aes.o(i.AESDataRead), (30 bytes).
    Removing aes.o(i.AESDataReadNonBlocking), (34 bytes).
    Removing aes.o(i.AESDataWrite), (30 bytes).
    Removing aes.o(i.AESDataWriteNonBlocking), (34 bytes).
    Removing aes.o(i.AESIVRead), (30 bytes).
    Removing aes.o(i.AESIVSet), (18 bytes).
    Removing aes.o(i.AESIntClear), (28 bytes).
    Removing aes.o(i.AESIntDisable), (48 bytes).
    Removing aes.o(i.AESIntEnable), (48 bytes).
    Removing aes.o(i.AESIntRegister), (22 bytes).
    Removing aes.o(i.AESIntStatus), (80 bytes).
    Removing aes.o(i.AESIntUnregister), (18 bytes).
    Removing aes.o(i.AESKey1Set), (42 bytes).
    Removing aes.o(i.AESKey2Set), (42 bytes).
    Removing aes.o(i.AESKey3Set), (18 bytes).
    Removing aes.o(i.AESLengthSet), (6 bytes).
    Removing aes.o(i.AESReset), (28 bytes).
    Removing aes.o(i.AESTagRead), (30 bytes).
    Removing can.o(i.CANBitRateSet), (120 bytes).
    Removing can.o(i.CANBitTimingGet), (48 bytes).
    Removing can.o(i.CANBitTimingSet), (88 bytes).
    Removing can.o(i.CANDisable), (10 bytes).
    Removing can.o(i.CANEnable), (10 bytes).
    Removing can.o(i.CANErrCntrGet), (32 bytes).
    Removing can.o(i.CANInit), (82 bytes).
    Removing can.o(i.CANIntClear), (46 bytes).
    Removing can.o(i.CANIntDisable), (8 bytes).
    Removing can.o(i.CANIntEnable), (8 bytes).
    Removing can.o(i.CANIntRegister), (30 bytes).
    Removing can.o(i.CANIntStatus), (38 bytes).
    Removing can.o(i.CANIntUnregister), (26 bytes).
    Removing can.o(i.CANMessageClear), (30 bytes).
    Removing can.o(i.CANMessageGet), (382 bytes).
    Removing can.o(i.CANMessageSet), (384 bytes).
    Removing can.o(i.CANRetryGet), (18 bytes).
    Removing can.o(i.CANRetrySet), (20 bytes).
    Removing can.o(i.CANStatusGet), (78 bytes).
    Removing can.o(i._CANDataRegRead), (36 bytes).
    Removing can.o(i._CANDataRegWrite), (36 bytes).
    Removing can.o(i._CANIntNumberGet), (96 bytes).
    Removing can.o(.constdata), (32 bytes).
    Removing comp.o(i.ComparatorConfigure), (8 bytes).
    Removing comp.o(i.ComparatorIntClear), (8 bytes).
    Removing comp.o(i.ComparatorIntDisable), (12 bytes).
    Removing comp.o(i.ComparatorIntEnable), (12 bytes).
    Removing comp.o(i.ComparatorIntRegister), (38 bytes).
    Removing comp.o(i.ComparatorIntStatus), (24 bytes).
    Removing comp.o(i.ComparatorIntUnregister), (34 bytes).
    Removing comp.o(i.ComparatorRefSet), (4 bytes).
    Removing comp.o(i.ComparatorValueGet), (22 bytes).
    Removing crc.o(i.CRCConfigSet), (6 bytes).
    Removing crc.o(i.CRCDataProcess), (68 bytes).
    Removing crc.o(i.CRCDataWrite), (6 bytes).
    Removing crc.o(i.CRCResultRead), (16 bytes).
    Removing crc.o(i.CRCSeedSet), (6 bytes).
    Removing des.o(i.DESConfigSet), (12 bytes).
    Removing des.o(i.DESDMADisable), (8 bytes).
    Removing des.o(i.DESDMAEnable), (8 bytes).
    Removing des.o(i.DESDataProcess), (76 bytes).
    Removing des.o(i.DESDataRead), (32 bytes).
    Removing des.o(i.DESDataReadNonBlocking), (36 bytes).
    Removing des.o(i.DESDataWrite), (28 bytes).
    Removing des.o(i.DESDataWriteNonBlocking), (32 bytes).
    Removing des.o(i.DESIVSet), (26 bytes).
    Removing des.o(i.DESIntClear), (12 bytes).
    Removing des.o(i.DESIntDisable), (28 bytes).
    Removing des.o(i.DESIntEnable), (28 bytes).
    Removing des.o(i.DESIntRegister), (22 bytes).
    Removing des.o(i.DESIntStatus), (38 bytes).
    Removing des.o(i.DESIntUnregister), (18 bytes).
    Removing des.o(i.DESKeySet), (34 bytes).
    Removing des.o(i.DESLengthSet), (4 bytes).
    Removing des.o(i.DESReset), (22 bytes).
    Removing eeprom.o(i.EEPROMBlockCountGet), (16 bytes).
    Removing eeprom.o(i.EEPROMBlockHide), (16 bytes).
    Removing eeprom.o(i.EEPROMBlockLock), (24 bytes).
    Removing eeprom.o(i.EEPROMBlockPasswordSet), (52 bytes).
    Removing eeprom.o(i.EEPROMBlockProtectGet), (16 bytes).
    Removing eeprom.o(i.EEPROMBlockProtectSet), (32 bytes).
    Removing eeprom.o(i.EEPROMBlockUnlock), (48 bytes).
    Removing eeprom.o(i.EEPROMInit), (68 bytes).
    Removing eeprom.o(i.EEPROMIntClear), (56 bytes).
    Removing eeprom.o(i.EEPROMIntDisable), (36 bytes).
    Removing eeprom.o(i.EEPROMIntEnable), (36 bytes).
    Removing eeprom.o(i.EEPROMIntStatus), (48 bytes).
    Removing eeprom.o(i.EEPROMMassErase), (88 bytes).
    Removing eeprom.o(i.EEPROMProgram), (200 bytes).
    Removing eeprom.o(i.EEPROMProgramNonBlocking), (72 bytes).
    Removing eeprom.o(i.EEPROMRead), (56 bytes).
    Removing eeprom.o(i.EEPROMSizeGet), (16 bytes).
    Removing eeprom.o(i.EEPROMStatusGet), (12 bytes).
    Removing eeprom.o(i._EEPROMSectorMaskClear), (56 bytes).
    Removing eeprom.o(i._EEPROMSectorMaskSet), (64 bytes).
    Removing eeprom.o(i._EEPROMWaitForDone), (20 bytes).
    Removing emac.o(i.EMACAddrFilterGet), (14 bytes).
    Removing emac.o(i.EMACAddrFilterSet), (32 bytes).
    Removing emac.o(i.EMACAddrGet), (38 bytes).
    Removing emac.o(i.EMACAddrSet), (56 bytes).
    Removing emac.o(i.EMACConfigGet), (64 bytes).
    Removing emac.o(i.EMACConfigSet), (52 bytes).
    Removing emac.o(i.EMACDMAStateGet), (16 bytes).
    Removing emac.o(i.EMACFrameFilterGet), (16 bytes).
    Removing emac.o(i.EMACFrameFilterSet), (16 bytes).
    Removing emac.o(i.EMACHashFilterBitCalculate), (48 bytes).
    Removing emac.o(i.EMACHashFilterGet), (10 bytes).
    Removing emac.o(i.EMACHashFilterSet), (6 bytes).
    Removing emac.o(i.EMACInit), (168 bytes).
    Removing emac.o(i.EMACIntClear), (58 bytes).
    Removing emac.o(i.EMACIntDisable), (60 bytes).
    Removing emac.o(i.EMACIntEnable), (64 bytes).
    Removing emac.o(i.EMACIntRegister), (22 bytes).
    Removing emac.o(i.EMACIntStatus), (52 bytes).
    Removing emac.o(i.EMACIntUnregister), (18 bytes).
    Removing emac.o(i.EMACNumAddrGet), (6 bytes).
    Removing emac.o(i.EMACPHYConfigSet), (124 bytes).
    Removing emac.o(i.EMACPHYExtendedRead), (64 bytes).
    Removing emac.o(i.EMACPHYExtendedWrite), (68 bytes).
    Removing emac.o(i.EMACPHYPowerOff), (38 bytes).
    Removing emac.o(i.EMACPHYPowerOn), (38 bytes).
    Removing emac.o(i.EMACPHYRead), (50 bytes).
    Removing emac.o(i.EMACPHYWrite), (48 bytes).
    Removing emac.o(i.EMACPowerManagementControlGet), (12 bytes).
    Removing emac.o(i.EMACPowerManagementControlSet), (16 bytes).
    Removing emac.o(i.EMACPowerManagementStatusGet), (10 bytes).
    Removing emac.o(i.EMACRemoteWakeUpFrameFilterGet), (32 bytes).
    Removing emac.o(i.EMACRemoteWakeUpFrameFilterSet), (32 bytes).
    Removing emac.o(i.EMACReset), (28 bytes).
    Removing emac.o(i.EMACRxDMACurrentBufferGet), (8 bytes).
    Removing emac.o(i.EMACRxDMACurrentDescriptorGet), (8 bytes).
    Removing emac.o(i.EMACRxDMADescriptorListGet), (8 bytes).
    Removing emac.o(i.EMACRxDMADescriptorListSet), (6 bytes).
    Removing emac.o(i.EMACRxDMAPollDemand), (8 bytes).
    Removing emac.o(i.EMACRxDisable), (22 bytes).
    Removing emac.o(i.EMACRxEnable), (22 bytes).
    Removing emac.o(i.EMACRxWatchdogTimerSet), (6 bytes).
    Removing emac.o(i.EMACStatusGet), (6 bytes).
    Removing emac.o(i.EMACTimestampAddendSet), (32 bytes).
    Removing emac.o(i.EMACTimestampConfigGet), (16 bytes).
    Removing emac.o(i.EMACTimestampConfigSet), (24 bytes).
    Removing emac.o(i.EMACTimestampDisable), (14 bytes).
    Removing emac.o(i.EMACTimestampEnable), (36 bytes).
    Removing emac.o(i.EMACTimestampIntStatus), (8 bytes).
    Removing emac.o(i.EMACTimestampPPSCommand), (24 bytes).
    Removing emac.o(i.EMACTimestampPPSCommandModeSet), (24 bytes).
    Removing emac.o(i.EMACTimestampPPSPeriodSet), (10 bytes).
    Removing emac.o(i.EMACTimestampPPSSimpleModeSet), (20 bytes).
    Removing emac.o(i.EMACTimestampSysTimeGet), (28 bytes).
    Removing emac.o(i.EMACTimestampSysTimeSet), (36 bytes).
    Removing emac.o(i.EMACTimestampSysTimeUpdate), (50 bytes).
    Removing emac.o(i.EMACTimestampTargetIntDisable), (14 bytes).
    Removing emac.o(i.EMACTimestampTargetIntEnable), (14 bytes).
    Removing emac.o(i.EMACTimestampTargetSet), (24 bytes).
    Removing emac.o(i.EMACTxDMACurrentBufferGet), (8 bytes).
    Removing emac.o(i.EMACTxDMACurrentDescriptorGet), (8 bytes).
    Removing emac.o(i.EMACTxDMADescriptorListGet), (8 bytes).
    Removing emac.o(i.EMACTxDMADescriptorListSet), (6 bytes).
    Removing emac.o(i.EMACTxDMAPollDemand), (8 bytes).
    Removing emac.o(i.EMACTxDisable), (22 bytes).
    Removing emac.o(i.EMACTxEnable), (22 bytes).
    Removing emac.o(i.EMACTxFlush), (36 bytes).
    Removing emac.o(i.EMACVLANHashFilterBitCalculate), (42 bytes).
    Removing emac.o(i.EMACVLANHashFilterGet), (8 bytes).
    Removing emac.o(i.EMACVLANHashFilterSet), (6 bytes).
    Removing emac.o(i.EMACVLANRxConfigGet), (12 bytes).
    Removing emac.o(i.EMACVLANRxConfigSet), (8 bytes).
    Removing emac.o(i.EMACVLANTxConfigGet), (14 bytes).
    Removing emac.o(i.EMACVLANTxConfigSet), (10 bytes).
    Removing emac.o(.constdata), (24 bytes).
    Removing epi.o(i.EPIAddressMapSet), (4 bytes).
    Removing epi.o(i.EPIConfigGPModeSet), (22 bytes).
    Removing epi.o(i.EPIConfigHB16CSSet), (48 bytes).
    Removing epi.o(i.EPIConfigHB16Set), (38 bytes).
    Removing epi.o(i.EPIConfigHB16TimingSet), (12 bytes).
    Removing epi.o(i.EPIConfigHB8CSSet), (48 bytes).
    Removing epi.o(i.EPIConfigHB8Set), (38 bytes).
    Removing epi.o(i.EPIConfigHB8TimingSet), (12 bytes).
    Removing epi.o(i.EPIConfigSDRAMSet), (16 bytes).
    Removing epi.o(i.EPIDMATxCount), (8 bytes).
    Removing epi.o(i.EPIDividerCSSet), (64 bytes).
    Removing epi.o(i.EPIDividerSet), (4 bytes).
    Removing epi.o(i.EPIFIFOConfig), (6 bytes).
    Removing epi.o(i.EPIIntDisable), (12 bytes).
    Removing epi.o(i.EPIIntEnable), (12 bytes).
    Removing epi.o(i.EPIIntErrorClear), (6 bytes).
    Removing epi.o(i.EPIIntErrorStatus), (8 bytes).
    Removing epi.o(i.EPIIntRegister), (30 bytes).
    Removing epi.o(i.EPIIntStatus), (16 bytes).
    Removing epi.o(i.EPIIntUnregister), (26 bytes).
    Removing epi.o(i.EPIModeSet), (4 bytes).
    Removing epi.o(i.EPINonBlockingReadAvail), (6 bytes).
    Removing epi.o(i.EPINonBlockingReadConfigure), (16 bytes).
    Removing epi.o(i.EPINonBlockingReadCount), (12 bytes).
    Removing epi.o(i.EPINonBlockingReadGet16), (30 bytes).
    Removing epi.o(i.EPINonBlockingReadGet32), (30 bytes).
    Removing epi.o(i.EPINonBlockingReadGet8), (30 bytes).
    Removing epi.o(i.EPINonBlockingReadStart), (12 bytes).
    Removing epi.o(i.EPINonBlockingReadStop), (14 bytes).
    Removing epi.o(i.EPIPSRAMConfigRegGet), (46 bytes).
    Removing epi.o(i.EPIPSRAMConfigRegGetNonBlocking), (52 bytes).
    Removing epi.o(i.EPIPSRAMConfigRegRead), (36 bytes).
    Removing epi.o(i.EPIPSRAMConfigRegSet), (44 bytes).
    Removing epi.o(i.EPIWriteFIFOCountGet), (8 bytes).
    Removing epi.o(i._EPIIntNumberGet), (36 bytes).
    Removing flash.o(i.FlashErase), (64 bytes).
    Removing flash.o(i.FlashIntClear), (12 bytes).
    Removing flash.o(i.FlashIntDisable), (16 bytes).
    Removing flash.o(i.FlashIntEnable), (16 bytes).
    Removing flash.o(i.FlashIntRegister), (20 bytes).
    Removing flash.o(i.FlashIntStatus), (20 bytes).
    Removing flash.o(i.FlashIntUnregister), (16 bytes).
    Removing flash.o(i.FlashProgram), (112 bytes).
    Removing flash.o(i.FlashProtectGet), (88 bytes).
    Removing flash.o(i.FlashProtectSave), (48 bytes).
    Removing flash.o(i.FlashProtectSet), (144 bytes).
    Removing flash.o(i.FlashUserGet), (28 bytes).
    Removing flash.o(i.FlashUserSave), (64 bytes).
    Removing flash.o(i.FlashUserSet), (24 bytes).
    Removing flash.o(.constdata), (128 bytes).
    Removing fpu.o(i.FPUDisable), (20 bytes).
    Removing fpu.o(i.FPUEnable), (20 bytes).
    Removing fpu.o(i.FPUFlushToZeroModeSet), (20 bytes).
    Removing fpu.o(i.FPUHalfPrecisionModeSet), (20 bytes).
    Removing fpu.o(i.FPUNaNModeSet), (20 bytes).
    Removing fpu.o(i.FPURoundingModeSet), (20 bytes).
    Removing fpu.o(i.FPUStackingDisable), (20 bytes).
    Removing fpu.o(i.FPUStackingEnable), (24 bytes).
    Removing gpio.o(i.GPIOADCTriggerDisable), (12 bytes).
    Removing gpio.o(i.GPIOADCTriggerEnable), (12 bytes).
    Removing gpio.o(i.GPIODMATriggerDisable), (12 bytes).
    Removing gpio.o(i.GPIODMATriggerEnable), (12 bytes).
    Removing gpio.o(i.GPIODirModeGet), (46 bytes).
    Removing gpio.o(i.GPIOIntDisable), (12 bytes).
    Removing gpio.o(i.GPIOIntEnable), (12 bytes).
    Removing gpio.o(i.GPIOIntRegister), (30 bytes).
    Removing gpio.o(i.GPIOIntTypeGet), (84 bytes).
    Removing gpio.o(i.GPIOIntTypeSet), (102 bytes).
    Removing gpio.o(i.GPIOIntUnregister), (26 bytes).
    Removing gpio.o(i.GPIOPadConfigGet), (206 bytes).
    Removing gpio.o(i.GPIOPinRead), (12 bytes).
    Removing gpio.o(i.GPIOPinTypeADC), (30 bytes).
    Removing gpio.o(i.GPIOPinTypeCAN), (30 bytes).
    Removing gpio.o(i.GPIOPinTypeCIR), (30 bytes).
    Removing gpio.o(i.GPIOPinTypeComparator), (30 bytes).
    Removing gpio.o(i.GPIOPinTypeEPI), (30 bytes).
    Removing gpio.o(i.GPIOPinTypeEthernetLED), (30 bytes).
    Removing gpio.o(i.GPIOPinTypeEthernetMII), (30 bytes).
    Removing gpio.o(i.GPIOPinTypeFan), (30 bytes).
    Removing gpio.o(i.GPIOPinTypeGPIOInput), (30 bytes).
    Removing gpio.o(i.GPIOPinTypeGPIOOutput), (30 bytes).
    Removing gpio.o(i.GPIOPinTypeGPIOOutputOD), (30 bytes).
    Removing gpio.o(i.GPIOPinTypeI2C), (30 bytes).
    Removing gpio.o(i.GPIOPinTypeI2CSCL), (30 bytes).
    Removing gpio.o(i.GPIOPinTypeKBColumn), (30 bytes).
    Removing gpio.o(i.GPIOPinTypeKBRow), (30 bytes).
    Removing gpio.o(i.GPIOPinTypeLCD), (30 bytes).
    Removing gpio.o(i.GPIOPinTypeLEDSeq), (30 bytes).
    Removing gpio.o(i.GPIOPinTypeLPC), (30 bytes).
    Removing gpio.o(i.GPIOPinTypePECIRx), (30 bytes).
    Removing gpio.o(i.GPIOPinTypePECITx), (30 bytes).
    Removing gpio.o(i.GPIOPinTypePWM), (30 bytes).
    Removing gpio.o(i.GPIOPinTypeQEI), (30 bytes).
    Removing gpio.o(i.GPIOPinTypeSSI), (30 bytes).
    Removing gpio.o(i.GPIOPinTypeUSBAnalog), (30 bytes).
    Removing gpio.o(i.GPIOPinTypeUSBDigital), (30 bytes).
    Removing gpio.o(i.GPIOPinTypeWakeHigh), (32 bytes).
    Removing gpio.o(i.GPIOPinTypeWakeLow), (32 bytes).
    Removing gpio.o(i.GPIOPinWakeStatus), (8 bytes).
    Removing gpio.o(i._GPIOIntNumberGet), (76 bytes).
    Removing i2c.o(i.I2CFIFODataGet), (22 bytes).
    Removing i2c.o(i.I2CFIFODataGetNonBlocking), (26 bytes).
    Removing i2c.o(i.I2CFIFODataPut), (20 bytes).
    Removing i2c.o(i.I2CFIFODataPutNonBlocking), (24 bytes).
    Removing i2c.o(i.I2CFIFOStatus), (8 bytes).
    Removing i2c.o(i.I2CIntRegister), (30 bytes).
    Removing i2c.o(i.I2CIntUnregister), (26 bytes).
    Removing i2c.o(i.I2CMasterBurstCountGet), (6 bytes).
    Removing i2c.o(i.I2CMasterBurstLengthSet), (4 bytes).
    Removing i2c.o(i.I2CMasterBusBusy), (18 bytes).
    Removing i2c.o(i.I2CMasterBusy), (18 bytes).
    Removing i2c.o(i.I2CMasterControl), (4 bytes).
    Removing i2c.o(i.I2CMasterDataGet), (6 bytes).
    Removing i2c.o(i.I2CMasterDataPut), (4 bytes).
    Removing i2c.o(i.I2CMasterDisable), (10 bytes).
    Removing i2c.o(i.I2CMasterEnable), (10 bytes).
    Removing i2c.o(i.I2CMasterErr), (30 bytes).
    Removing i2c.o(i.I2CMasterGlitchFilterConfigSet), (8 bytes).
    Removing i2c.o(i.I2CMasterInitExpClk), (92 bytes).
    Removing i2c.o(i.I2CMasterIntClear), (8 bytes).
    Removing i2c.o(i.I2CMasterIntClearEx), (4 bytes).
    Removing i2c.o(i.I2CMasterIntDisable), (6 bytes).
    Removing i2c.o(i.I2CMasterIntDisableEx), (8 bytes).
    Removing i2c.o(i.I2CMasterIntEnable), (6 bytes).
    Removing i2c.o(i.I2CMasterIntEnableEx), (8 bytes).
    Removing i2c.o(i.I2CMasterIntStatus), (28 bytes).
    Removing i2c.o(i.I2CMasterIntStatusEx), (12 bytes).
    Removing i2c.o(i.I2CMasterLineStateGet), (6 bytes).
    Removing i2c.o(i.I2CMasterSlaveAddrSet), (8 bytes).
    Removing i2c.o(i.I2CMasterTimeoutSet), (4 bytes).
    Removing i2c.o(i.I2CRxFIFOConfigSet), (22 bytes).
    Removing i2c.o(i.I2CRxFIFOFlush), (14 bytes).
    Removing i2c.o(i.I2CSlaveACKOverride), (30 bytes).
    Removing i2c.o(i.I2CSlaveACKValueSet), (30 bytes).
    Removing i2c.o(i.I2CSlaveAddressSet), (28 bytes).
    Removing i2c.o(i.I2CSlaveDataGet), (8 bytes).
    Removing i2c.o(i.I2CSlaveDataPut), (6 bytes).
    Removing i2c.o(i.I2CSlaveDisable), (16 bytes).
    Removing i2c.o(i.I2CSlaveEnable), (16 bytes).
    Removing i2c.o(i.I2CSlaveFIFODisable), (8 bytes).
    Removing i2c.o(i.I2CSlaveFIFOEnable), (10 bytes).
    Removing i2c.o(i.I2CSlaveInit), (18 bytes).
    Removing i2c.o(i.I2CSlaveIntClear), (8 bytes).
    Removing i2c.o(i.I2CSlaveIntClearEx), (6 bytes).
    Removing i2c.o(i.I2CSlaveIntDisable), (14 bytes).
    Removing i2c.o(i.I2CSlaveIntDisableEx), (12 bytes).
    Removing i2c.o(i.I2CSlaveIntEnable), (14 bytes).
    Removing i2c.o(i.I2CSlaveIntEnableEx), (12 bytes).
    Removing i2c.o(i.I2CSlaveIntStatus), (32 bytes).
    Removing i2c.o(i.I2CSlaveIntStatusEx), (16 bytes).
    Removing i2c.o(i.I2CSlaveStatus), (8 bytes).
    Removing i2c.o(i.I2CTxFIFOConfigSet), (24 bytes).
    Removing i2c.o(i.I2CTxFIFOFlush), (14 bytes).
    Removing i2c.o(i._I2CIntNumberGet), (76 bytes).
    Removing i2c.o(.constdata), (128 bytes).
    Removing interrupt.o(i.IntDisable), (116 bytes).
    Removing interrupt.o(i.IntIsEnabled), (108 bytes).
    Removing interrupt.o(i.IntMasterDisable), (16 bytes).
    Removing interrupt.o(i.IntPendClear), (76 bytes).
    Removing interrupt.o(i.IntPendSet), (96 bytes).
    Removing interrupt.o(i.IntPriorityGet), (28 bytes).
    Removing interrupt.o(i.IntPriorityGroupingGet), (44 bytes).
    Removing interrupt.o(i.IntPriorityGroupingSet), (28 bytes).
    Removing interrupt.o(i.IntPriorityMaskGet), (8 bytes).
    Removing interrupt.o(i.IntPriorityMaskSet), (12 bytes).
    Removing interrupt.o(i.IntTrigger), (16 bytes).
    Removing interrupt.o(i.IntUnregister), (20 bytes).
    Removing interrupt.o(i._IntDefaultHandler), (4 bytes).
    Removing lcd.o(i.LCDClockReset), (36 bytes).
    Removing lcd.o(i.LCDDMAConfigSet), (4 bytes).
    Removing lcd.o(i.LCDIDDCommandWrite), (16 bytes).
    Removing lcd.o(i.LCDIDDConfigSet), (4 bytes).
    Removing lcd.o(i.LCDIDDDMADisable), (10 bytes).
    Removing lcd.o(i.LCDIDDDMAWrite), (50 bytes).
    Removing lcd.o(i.LCDIDDDataRead), (18 bytes).
    Removing lcd.o(i.LCDIDDDataWrite), (16 bytes).
    Removing lcd.o(i.LCDIDDIndexedRead), (32 bytes).
    Removing lcd.o(i.LCDIDDIndexedWrite), (28 bytes).
    Removing lcd.o(i.LCDIDDStatusRead), (18 bytes).
    Removing lcd.o(i.LCDIDDTimingSet), (54 bytes).
    Removing lcd.o(i.LCDIntClear), (4 bytes).
    Removing lcd.o(i.LCDIntDisable), (4 bytes).
    Removing lcd.o(i.LCDIntEnable), (4 bytes).
    Removing lcd.o(i.LCDIntRegister), (22 bytes).
    Removing lcd.o(i.LCDIntStatus), (12 bytes).
    Removing lcd.o(i.LCDIntUnregister), (18 bytes).
    Removing lcd.o(i.LCDModeSet), (36 bytes).
    Removing lcd.o(i.LCDRasterACBiasIntCountSet), (22 bytes).
    Removing lcd.o(i.LCDRasterConfigSet), (8 bytes).
    Removing lcd.o(i.LCDRasterDisable), (10 bytes).
    Removing lcd.o(i.LCDRasterEnable), (22 bytes).
    Removing lcd.o(i.LCDRasterEnabled), (10 bytes).
    Removing lcd.o(i.LCDRasterFrameBufferSet), (24 bytes).
    Removing lcd.o(i.LCDRasterPaletteSet), (126 bytes).
    Removing lcd.o(i.LCDRasterSubPanelConfigSet), (48 bytes).
    Removing lcd.o(i.LCDRasterSubPanelDisable), (10 bytes).
    Removing lcd.o(i.LCDRasterSubPanelEnable), (10 bytes).
    Removing lcd.o(i.LCDRasterTimingSet), (158 bytes).
    Removing mpu.o(i.MPUDisable), (20 bytes).
    Removing mpu.o(i.MPUEnable), (16 bytes).
    Removing mpu.o(i.MPUIntRegister), (20 bytes).
    Removing mpu.o(i.MPUIntUnregister), (16 bytes).
    Removing mpu.o(i.MPURegionCountGet), (16 bytes).
    Removing mpu.o(i.MPURegionDisable), (28 bytes).
    Removing mpu.o(i.MPURegionEnable), (28 bytes).
    Removing mpu.o(i.MPURegionGet), (28 bytes).
    Removing mpu.o(i.MPURegionSet), (32 bytes).
    Removing pwm.o(i.PWMClockGet), (28 bytes).
    Removing pwm.o(i.PWMClockSet), (18 bytes).
    Removing pwm.o(i.PWMDeadBandDisable), (14 bytes).
    Removing pwm.o(i.PWMDeadBandEnable), (18 bytes).
    Removing pwm.o(i.PWMFaultIntClear), (8 bytes).
    Removing pwm.o(i.PWMFaultIntClearExt), (4 bytes).
    Removing pwm.o(i.PWMFaultIntRegister), (30 bytes).
    Removing pwm.o(i.PWMFaultIntUnregister), (26 bytes).
    Removing pwm.o(i.PWMGenConfigure), (48 bytes).
    Removing pwm.o(i.PWMGenDisable), (10 bytes).
    Removing pwm.o(i.PWMGenEnable), (10 bytes).
    Removing pwm.o(i.PWMGenFaultClear), (36 bytes).
    Removing pwm.o(i.PWMGenFaultConfigure), (20 bytes).
    Removing pwm.o(i.PWMGenFaultStatus), (38 bytes).
    Removing pwm.o(i.PWMGenFaultTriggerGet), (16 bytes).
    Removing pwm.o(i.PWMGenFaultTriggerSet), (16 bytes).
    Removing pwm.o(i.PWMGenIntClear), (6 bytes).
    Removing pwm.o(i.PWMGenIntRegister), (38 bytes).
    Removing pwm.o(i.PWMGenIntStatus), (16 bytes).
    Removing pwm.o(i.PWMGenIntTrigDisable), (14 bytes).
    Removing pwm.o(i.PWMGenIntTrigEnable), (14 bytes).
    Removing pwm.o(i.PWMGenIntUnregister), (30 bytes).
    Removing pwm.o(i.PWMGenPeriodGet), (24 bytes).
    Removing pwm.o(i.PWMGenPeriodSet), (22 bytes).
    Removing pwm.o(i.PWMIntDisable), (8 bytes).
    Removing pwm.o(i.PWMIntEnable), (8 bytes).
    Removing pwm.o(i.PWMIntStatus), (14 bytes).
    Removing pwm.o(i.PWMOutputFault), (20 bytes).
    Removing pwm.o(i.PWMOutputFaultLevel), (20 bytes).
    Removing pwm.o(i.PWMOutputInvert), (20 bytes).
    Removing pwm.o(i.PWMOutputState), (20 bytes).
    Removing pwm.o(i.PWMOutputUpdateMode), (82 bytes).
    Removing pwm.o(i.PWMPulseWidthGet), (40 bytes).
    Removing pwm.o(i.PWMPulseWidthSet), (38 bytes).
    Removing pwm.o(i.PWMSyncTimeBase), (4 bytes).
    Removing pwm.o(i.PWMSyncUpdate), (4 bytes).
    Removing pwm.o(i._PWMFaultIntNumberGet), (84 bytes).
    Removing pwm.o(i._PWMGenIntNumberGet), (272 bytes).
    Removing qei.o(i.QEIConfigure), (14 bytes).
    Removing qei.o(i.QEIDirectionGet), (20 bytes).
    Removing qei.o(i.QEIDisable), (10 bytes).
    Removing qei.o(i.QEIEnable), (10 bytes).
    Removing qei.o(i.QEIErrorGet), (10 bytes).
    Removing qei.o(i.QEIIntClear), (4 bytes).
    Removing qei.o(i.QEIIntDisable), (8 bytes).
    Removing qei.o(i.QEIIntEnable), (8 bytes).
    Removing qei.o(i.QEIIntRegister), (30 bytes).
    Removing qei.o(i.QEIIntStatus), (12 bytes).
    Removing qei.o(i.QEIIntUnregister), (26 bytes).
    Removing qei.o(i.QEIPositionGet), (6 bytes).
    Removing qei.o(i.QEIPositionSet), (4 bytes).
    Removing qei.o(i.QEIVelocityConfigure), (16 bytes).
    Removing qei.o(i.QEIVelocityDisable), (10 bytes).
    Removing qei.o(i.QEIVelocityEnable), (10 bytes).
    Removing qei.o(i.QEIVelocityGet), (6 bytes).
    Removing qei.o(i._QEIIntNumberGet), (84 bytes).
    Removing shamd5.o(i.SHAMD5ConfigSet), (4 bytes).
    Removing shamd5.o(i.SHAMD5DMADisable), (14 bytes).
    Removing shamd5.o(i.SHAMD5DMAEnable), (14 bytes).
    Removing shamd5.o(i.SHAMD5DataProcess), (70 bytes).
    Removing shamd5.o(i.SHAMD5DataWrite), (38 bytes).
    Removing shamd5.o(i.SHAMD5DataWriteNonBlocking), (42 bytes).
    Removing shamd5.o(i.SHAMD5HMACKeySet), (24 bytes).
    Removing shamd5.o(i.SHAMD5HMACPPKeyGenerate), (74 bytes).
    Removing shamd5.o(i.SHAMD5HMACPPKeySet), (28 bytes).
    Removing shamd5.o(i.SHAMD5HMACProcess), (70 bytes).
    Removing shamd5.o(i.SHAMD5HashLengthSet), (4 bytes).
    Removing shamd5.o(i.SHAMD5IntClear), (22 bytes).
    Removing shamd5.o(i.SHAMD5IntDisable), (60 bytes).
    Removing shamd5.o(i.SHAMD5IntEnable), (54 bytes).
    Removing shamd5.o(i.SHAMD5IntRegister), (22 bytes).
    Removing shamd5.o(i.SHAMD5IntStatus), (84 bytes).
    Removing shamd5.o(i.SHAMD5IntUnregister), (18 bytes).
    Removing shamd5.o(i.SHAMD5Reset), (40 bytes).
    Removing shamd5.o(i.SHAMD5ResultRead), (70 bytes).
    Removing shamd5.o(i._SHAMD5DataWriteMultiple), (80 bytes).
    Removing ssi.o(i.SSIAdvDataPutFrameEnd), (24 bytes).
    Removing ssi.o(i.SSIAdvDataPutFrameEndNonBlocking), (28 bytes).
    Removing ssi.o(i.SSIAdvFrameHoldDisable), (10 bytes).
    Removing ssi.o(i.SSIAdvFrameHoldEnable), (10 bytes).
    Removing ssi.o(i.SSIAdvModeSet), (12 bytes).
    Removing ssi.o(i.SSIBusy), (10 bytes).
    Removing ssi.o(i.SSIClockSourceGet), (8 bytes).
    Removing ssi.o(i.SSIClockSourceSet), (6 bytes).
    Removing ssi.o(i.SSIConfigSetExpClk), (102 bytes).
    Removing ssi.o(i.SSIDMADisable), (8 bytes).
    Removing ssi.o(i.SSIDMAEnable), (8 bytes).
    Removing ssi.o(i.SSIDataGet), (18 bytes).
    Removing ssi.o(i.SSIDataGetNonBlocking), (22 bytes).
    Removing ssi.o(i.SSIDataPut), (16 bytes).
    Removing ssi.o(i.SSIDataPutNonBlocking), (20 bytes).
    Removing ssi.o(i.SSIDisable), (10 bytes).
    Removing ssi.o(i.SSIEnable), (10 bytes).
    Removing ssi.o(i.SSIIntClear), (4 bytes).
    Removing ssi.o(i.SSIIntDisable), (8 bytes).
    Removing ssi.o(i.SSIIntEnable), (8 bytes).
    Removing ssi.o(i.SSIIntRegister), (30 bytes).
    Removing ssi.o(i.SSIIntStatus), (12 bytes).
    Removing ssi.o(i.SSIIntUnregister), (26 bytes).
    Removing ssi.o(i._SSIIntNumberGet), (76 bytes).
    Removing ssi.o(.constdata), (64 bytes).
    Removing sw_crc.o(i.Crc16), (208 bytes).
    Removing sw_crc.o(i.Crc16Array), (18 bytes).
    Removing sw_crc.o(i.Crc16Array3), (156 bytes).
    Removing sw_crc.o(i.Crc32), (208 bytes).
    Removing sw_crc.o(i.Crc8CCITT), (140 bytes).
    Removing sw_crc.o(.constdata), (1792 bytes).
    Removing sysctl.o(i.SysCtlADCSpeedGet), (16 bytes).
    Removing sysctl.o(i.SysCtlADCSpeedSet), (44 bytes).
    Removing sysctl.o(i.SysCtlAltClkConfig), (12 bytes).
    Removing sysctl.o(i.SysCtlClockFreqSet), (684 bytes).
    Removing sysctl.o(i.SysCtlClockOutConfig), (16 bytes).
    Removing sysctl.o(i.SysCtlDeepSleep), (36 bytes).
    Removing sysctl.o(i.SysCtlDeepSleepClockConfigSet), (160 bytes).
    Removing sysctl.o(i.SysCtlDeepSleepClockSet), (12 bytes).
    Removing sysctl.o(i.SysCtlDeepSleepPowerSet), (12 bytes).
    Removing sysctl.o(i.SysCtlFlashSectorSizeGet), (52 bytes).
    Removing sysctl.o(i.SysCtlFlashSizeGet), (56 bytes).
    Removing sysctl.o(i.SysCtlGPIOAHBDisable), (24 bytes).
    Removing sysctl.o(i.SysCtlGPIOAHBEnable), (24 bytes).
    Removing sysctl.o(i.SysCtlIntClear), (12 bytes).
    Removing sysctl.o(i.SysCtlIntDisable), (16 bytes).
    Removing sysctl.o(i.SysCtlIntEnable), (16 bytes).
    Removing sysctl.o(i.SysCtlIntRegister), (20 bytes).
    Removing sysctl.o(i.SysCtlIntStatus), (20 bytes).
    Removing sysctl.o(i.SysCtlIntUnregister), (16 bytes).
    Removing sysctl.o(i.SysCtlLDODeepSleepGet), (12 bytes).
    Removing sysctl.o(i.SysCtlLDODeepSleepSet), (12 bytes).
    Removing sysctl.o(i.SysCtlLDOSleepGet), (12 bytes).
    Removing sysctl.o(i.SysCtlLDOSleepSet), (12 bytes).
    Removing sysctl.o(i.SysCtlMOSCConfigSet), (12 bytes).
    Removing sysctl.o(i.SysCtlNMIClear), (16 bytes).
    Removing sysctl.o(i.SysCtlNMIStatus), (12 bytes).
    Removing sysctl.o(i.SysCtlPIOSCCalibrate), (92 bytes).
    Removing sysctl.o(i.SysCtlPWMClockGet), (28 bytes).
    Removing sysctl.o(i.SysCtlPWMClockSet), (20 bytes).
    Removing sysctl.o(i.SysCtlPeripheralClockGating), (96 bytes).
    Removing sysctl.o(i.SysCtlPeripheralDeepSleepDisable), (52 bytes).
    Removing sysctl.o(i.SysCtlPeripheralDeepSleepEnable), (52 bytes).
    Removing sysctl.o(i.SysCtlPeripheralDisable), (52 bytes).
    Removing sysctl.o(i.SysCtlPeripheralPowerOff), (52 bytes).
    Removing sysctl.o(i.SysCtlPeripheralPowerOn), (52 bytes).
    Removing sysctl.o(i.SysCtlPeripheralPresent), (56 bytes).
    Removing sysctl.o(i.SysCtlPeripheralReady), (56 bytes).
    Removing sysctl.o(i.SysCtlPeripheralReset), (112 bytes).
    Removing sysctl.o(i.SysCtlPeripheralSleepDisable), (52 bytes).
    Removing sysctl.o(i.SysCtlPeripheralSleepEnable), (52 bytes).
    Removing sysctl.o(i.SysCtlReset), (20 bytes).
    Removing sysctl.o(i.SysCtlResetBehaviorGet), (12 bytes).
    Removing sysctl.o(i.SysCtlResetBehaviorSet), (12 bytes).
    Removing sysctl.o(i.SysCtlResetCauseClear), (16 bytes).
    Removing sysctl.o(i.SysCtlResetCauseGet), (12 bytes).
    Removing sysctl.o(i.SysCtlSRAMSizeGet), (16 bytes).
    Removing sysctl.o(i.SysCtlSleep), (8 bytes).
    Removing sysctl.o(i.SysCtlSleepPowerSet), (12 bytes).
    Removing sysctl.o(i.SysCtlUSBPLLDisable), (20 bytes).
    Removing sysctl.o(i.SysCtlUSBPLLEnable), (20 bytes).
    Removing sysctl.o(i.SysCtlVoltageEventClear), (16 bytes).
    Removing sysctl.o(i.SysCtlVoltageEventConfig), (12 bytes).
    Removing sysctl.o(i.SysCtlVoltageEventStatus), (12 bytes).
    Removing sysctl.o(i._SysCtlFrequencyGet), (100 bytes).
    Removing sysctl.o(i._SysCtlMemTimingGet), (40 bytes).
    Removing sysexc.o(i.SysExcIntClear), (12 bytes).
    Removing sysexc.o(i.SysExcIntDisable), (16 bytes).
    Removing sysexc.o(i.SysExcIntEnable), (16 bytes).
    Removing sysexc.o(i.SysExcIntRegister), (26 bytes).
    Removing sysexc.o(i.SysExcIntStatus), (20 bytes).
    Removing sysexc.o(i.SysExcIntUnregister), (22 bytes).
    Removing sysexc.o(i._SysExcIntNumberGet), (56 bytes).
    Removing systick.o(i.SysTickDisable), (18 bytes).
    Removing systick.o(i.SysTickEnable), (18 bytes).
    Removing systick.o(i.SysTickIntDisable), (18 bytes).
    Removing systick.o(i.SysTickIntEnable), (18 bytes).
    Removing systick.o(i.SysTickIntRegister), (30 bytes).
    Removing systick.o(i.SysTickIntUnregister), (26 bytes).
    Removing systick.o(i.SysTickPeriodGet), (10 bytes).
    Removing systick.o(i.SysTickPeriodSet), (10 bytes).
    Removing systick.o(i.SysTickValueGet), (8 bytes).
    Removing timer_1.o(i.TimerADCEventGet), (6 bytes).
    Removing timer_1.o(i.TimerADCEventSet), (4 bytes).
    Removing timer_1.o(i.TimerClockSourceGet), (8 bytes).
    Removing timer_1.o(i.TimerClockSourceSet), (6 bytes).
    Removing timer_1.o(i.TimerControlLevel), (22 bytes).
    Removing timer_1.o(i.TimerControlStall), (22 bytes).
    Removing timer_1.o(i.TimerControlTrigger), (72 bytes).
    Removing timer_1.o(i.TimerControlWaitOnTrigger), (52 bytes).
    Removing timer_1.o(i.TimerDMAEventGet), (6 bytes).
    Removing timer_1.o(i.TimerDMAEventSet), (4 bytes).
    Removing timer_1.o(i.TimerDisable), (14 bytes).
    Removing timer_1.o(i.TimerIntDisable), (8 bytes).
    Removing timer_1.o(i.TimerIntUnregister), (30 bytes).
    Removing timer_1.o(i.TimerLoadGet), (14 bytes).
    Removing timer_1.o(i.TimerLoadGet64), (26 bytes).
    Removing timer_1.o(i.TimerLoadSet), (16 bytes).
    Removing timer_1.o(i.TimerLoadSet64), (6 bytes).
    Removing timer_1.o(i.TimerMatchGet), (14 bytes).
    Removing timer_1.o(i.TimerMatchGet64), (26 bytes).
    Removing timer_1.o(i.TimerMatchSet), (16 bytes).
    Removing timer_1.o(i.TimerMatchSet64), (6 bytes).
    Removing timer_1.o(i.TimerPrescaleGet), (14 bytes).
    Removing timer_1.o(i.TimerPrescaleMatchGet), (14 bytes).
    Removing timer_1.o(i.TimerPrescaleMatchSet), (16 bytes).
    Removing timer_1.o(i.TimerPrescaleSet), (16 bytes).
    Removing timer_1.o(i.TimerRTCDisable), (10 bytes).
    Removing timer_1.o(i.TimerRTCEnable), (10 bytes).
    Removing timer_1.o(i.TimerSynchronize), (4 bytes).
    Removing timer_1.o(i.TimerValueGet64), (26 bytes).
    Removing uart.o(i.UART9BitAddrSend), (44 bytes).
    Removing uart.o(i.UART9BitAddrSet), (10 bytes).
    Removing uart.o(i.UART9BitDisable), (14 bytes).
    Removing uart.o(i.UART9BitEnable), (14 bytes).
    Removing uart.o(i.UARTBreakCtl), (20 bytes).
    Removing uart.o(i.UARTBusy), (10 bytes).
    Removing uart.o(i.UARTCharGet), (18 bytes).
    Removing uart.o(i.UARTCharPut), (16 bytes).
    Removing uart.o(i.UARTCharPutNonBlocking), (20 bytes).
    Removing uart.o(i.UARTCharsAvail), (12 bytes).
    Removing uart.o(i.UARTClockSourceGet), (8 bytes).
    Removing uart.o(i.UARTConfigGetExpClk), (44 bytes).
    Removing uart.o(i.UARTConfigSetExpClk), (76 bytes).
    Removing uart.o(i.UARTDMADisable), (8 bytes).
    Removing uart.o(i.UARTDisable), (32 bytes).
    Removing uart.o(i.UARTDisableSIR), (10 bytes).
    Removing uart.o(i.UARTEnable), (20 bytes).
    Removing uart.o(i.UARTEnableSIR), (22 bytes).
    Removing uart.o(i.UARTFIFODisable), (10 bytes).
    Removing uart.o(i.UARTFIFOLevelGet), (18 bytes).
    Removing uart.o(i.UARTFlowControlGet), (10 bytes).
    Removing uart.o(i.UARTFlowControlSet), (12 bytes).
    Removing uart.o(i.UARTIntDisable), (8 bytes).
    Removing uart.o(i.UARTIntUnregister), (26 bytes).
    Removing uart.o(i.UARTModemControlClear), (12 bytes).
    Removing uart.o(i.UARTModemControlGet), (10 bytes).
    Removing uart.o(i.UARTModemControlSet), (12 bytes).
    Removing uart.o(i.UARTModemStatusGet), (12 bytes).
    Removing uart.o(i.UARTParityModeGet), (10 bytes).
    Removing uart.o(i.UARTParityModeSet), (12 bytes).
    Removing uart.o(i.UARTRxErrorClear), (6 bytes).
    Removing uart.o(i.UARTRxErrorGet), (10 bytes).
    Removing uart.o(i.UARTSmartCardDisable), (10 bytes).
    Removing uart.o(i.UARTSmartCardEnable), (22 bytes).
    Removing uart.o(i.UARTSpaceAvail), (12 bytes).
    Removing uart.o(i.UARTTxIntModeGet), (10 bytes).
    Removing uart.o(i.UARTTxIntModeSet), (12 bytes).
    Removing udma.o(i.uDMAChannelAttributeGet), (80 bytes).
    Removing udma.o(i.uDMAChannelDisable), (20 bytes).
    Removing udma.o(i.uDMAChannelIsEnabled), (32 bytes).
    Removing udma.o(i.uDMAChannelScatterGatherSet), (92 bytes).
    Removing udma.o(i.uDMAChannelSelectDefault), (16 bytes).
    Removing udma.o(i.uDMAChannelSelectSecondary), (16 bytes).
    Removing udma.o(i.uDMAChannelSizeGet), (44 bytes).
    Removing udma.o(i.uDMAControlAlternateBaseGet), (12 bytes).
    Removing udma.o(i.uDMAControlBaseGet), (12 bytes).
    Removing udma.o(i.uDMADisable), (12 bytes).
    Removing udma.o(i.uDMAErrorStatusClear), (12 bytes).
    Removing udma.o(i.uDMAErrorStatusGet), (12 bytes).
    Removing udma.o(i.uDMAIntClear), (12 bytes).
    Removing udma.o(i.uDMAIntStatus), (12 bytes).
    Removing udma.o(i.uDMAIntUnregister), (18 bytes).
    Removing usb.o(i.USBClockDisable), (8 bytes).
    Removing usb.o(i.USBClockEnable), (10 bytes).
    Removing usb.o(i.USBControllerVersion), (12 bytes).
    Removing usb.o(i.USBDMAChannelAddressGet), (12 bytes).
    Removing usb.o(i.USBDMAChannelAddressSet), (12 bytes).
    Removing usb.o(i.USBDMAChannelConfigSet), (26 bytes).
    Removing usb.o(i.USBDMAChannelCountGet), (12 bytes).
    Removing usb.o(i.USBDMAChannelCountSet), (12 bytes).
    Removing usb.o(i.USBDMAChannelDisable), (24 bytes).
    Removing usb.o(i.USBDMAChannelEnable), (24 bytes).
    Removing usb.o(i.USBDMAChannelIntDisable), (24 bytes).
    Removing usb.o(i.USBDMAChannelIntEnable), (24 bytes).
    Removing usb.o(i.USBDMAChannelIntStatus), (8 bytes).
    Removing usb.o(i.USBDMAChannelStatus), (16 bytes).
    Removing usb.o(i.USBDMAChannelStatusClear), (26 bytes).
    Removing usb.o(i.USBDMANumChannels), (10 bytes).
    Removing usb.o(i.USBDevAddrGet), (6 bytes).
    Removing usb.o(i.USBDevAddrSet), (4 bytes).
    Removing usb.o(i.USBDevConnect), (10 bytes).
    Removing usb.o(i.USBDevDisconnect), (10 bytes).
    Removing usb.o(i.USBDevEndpointConfigGet), (200 bytes).
    Removing usb.o(i.USBDevEndpointConfigSet), (174 bytes).
    Removing usb.o(i.USBDevEndpointDataAck), (44 bytes).
    Removing usb.o(i.USBDevEndpointStall), (68 bytes).
    Removing usb.o(i.USBDevEndpointStallClear), (92 bytes).
    Removing usb.o(i.USBDevEndpointStatusClear), (112 bytes).
    Removing usb.o(i.USBDevLPMConfig), (6 bytes).
    Removing usb.o(i.USBDevLPMDisable), (14 bytes).
    Removing usb.o(i.USBDevLPMEnable), (14 bytes).
    Removing usb.o(i.USBDevLPMRemoteWake), (14 bytes).
    Removing usb.o(i.USBDevMode), (8 bytes).
    Removing usb.o(i.USBDevSpeedGet), (18 bytes).
    Removing usb.o(i.USBEndpointDMAChannel), (34 bytes).
    Removing usb.o(i.USBEndpointDMAConfigSet), (112 bytes).
    Removing usb.o(i.USBEndpointDMADisable), (60 bytes).
    Removing usb.o(i.USBEndpointDMAEnable), (60 bytes).
    Removing usb.o(i.USBEndpointDataAvail), (34 bytes).
    Removing usb.o(i.USBEndpointDataGet), (82 bytes).
    Removing usb.o(i.USBEndpointDataPut), (54 bytes).
    Removing usb.o(i.USBEndpointDataSend), (58 bytes).
    Removing usb.o(i.USBEndpointDataToggleClear), (52 bytes).
    Removing usb.o(i.USBEndpointPacketCountSet), (18 bytes).
    Removing usb.o(i.USBEndpointStatus), (28 bytes).
    Removing usb.o(i.USBFIFOAddrGet), (12 bytes).
    Removing usb.o(i.USBFIFOConfigGet), (88 bytes).
    Removing usb.o(i.USBFIFOConfigSet), (92 bytes).
    Removing usb.o(i.USBFIFOFlush), (96 bytes).
    Removing usb.o(i.USBFrameNumberGet), (6 bytes).
    Removing usb.o(i.USBHighSpeed), (22 bytes).
    Removing usb.o(i.USBHostAddrGet), (32 bytes).
    Removing usb.o(i.USBHostAddrSet), (32 bytes).
    Removing usb.o(i.USBHostEndpointConfig), (298 bytes).
    Removing usb.o(i.USBHostEndpointDataAck), (40 bytes).
    Removing usb.o(i.USBHostEndpointDataToggle), (114 bytes).
    Removing usb.o(i.USBHostEndpointPing), (44 bytes).
    Removing usb.o(i.USBHostEndpointSpeed), (124 bytes).
    Removing usb.o(i.USBHostEndpointStatusClear), (56 bytes).
    Removing usb.o(i.USBHostHubAddrGet), (32 bytes).
    Removing usb.o(i.USBHostHubAddrSet), (68 bytes).
    Removing usb.o(i.USBHostLPMConfig), (22 bytes).
    Removing usb.o(i.USBHostLPMResume), (14 bytes).
    Removing usb.o(i.USBHostLPMSend), (36 bytes).
    Removing usb.o(i.USBHostMode), (8 bytes).
    Removing usb.o(i.USBHostPwrConfig), (24 bytes).
    Removing usb.o(i.USBHostPwrDisable), (14 bytes).
    Removing usb.o(i.USBHostPwrEnable), (14 bytes).
    Removing usb.o(i.USBHostPwrFaultDisable), (14 bytes).
    Removing usb.o(i.USBHostPwrFaultEnable), (14 bytes).
    Removing usb.o(i.USBHostRequestIN), (20 bytes).
    Removing usb.o(i.USBHostRequestINClear), (24 bytes).
    Removing usb.o(i.USBHostRequestStatus), (8 bytes).
    Removing usb.o(i.USBHostReset), (22 bytes).
    Removing usb.o(i.USBHostResume), (22 bytes).
    Removing usb.o(i.USBHostSpeedGet), (48 bytes).
    Removing usb.o(i.USBHostSuspend), (10 bytes).
    Removing usb.o(i.USBIntDisableControl), (40 bytes).
    Removing usb.o(i.USBIntDisableEndpoint), (20 bytes).
    Removing usb.o(i.USBIntEnableControl), (40 bytes).
    Removing usb.o(i.USBIntEnableEndpoint), (22 bytes).
    Removing usb.o(i.USBIntRegister), (30 bytes).
    Removing usb.o(i.USBIntStatusControl), (64 bytes).
    Removing usb.o(i.USBIntStatusEndpoint), (12 bytes).
    Removing usb.o(i.USBIntUnregister), (26 bytes).
    Removing usb.o(i.USBLPMEndpointGet), (10 bytes).
    Removing usb.o(i.USBLPMIntDisable), (12 bytes).
    Removing usb.o(i.USBLPMIntEnable), (12 bytes).
    Removing usb.o(i.USBLPMIntStatus), (8 bytes).
    Removing usb.o(i.USBLPMLinkStateGet), (12 bytes).
    Removing usb.o(i.USBLPMRemoteWakeEnabled), (20 bytes).
    Removing usb.o(i.USBModeConfig), (6 bytes).
    Removing usb.o(i.USBModeGet), (12 bytes).
    Removing usb.o(i.USBNumEndpointsGet), (12 bytes).
    Removing usb.o(i.USBOTGMode), (8 bytes).
    Removing usb.o(i.USBOTGSessionRequest), (30 bytes).
    Removing usb.o(i.USBPHYPowerOff), (10 bytes).
    Removing usb.o(i.USBPHYPowerOn), (10 bytes).
    Removing usb.o(i.USBULPIConfig), (6 bytes).
    Removing usb.o(i.USBULPIDisable), (14 bytes).
    Removing usb.o(i.USBULPIEnable), (14 bytes).
    Removing usb.o(i.USBULPIRegRead), (38 bytes).
    Removing usb.o(i.USBULPIRegWrite), (34 bytes).
    Removing usb.o(i._USBIndexRead), (24 bytes).
    Removing usb.o(i._USBIndexWrite), (22 bytes).
    Removing usb.o(i._USBIntNumberGet), (60 bytes).
    Removing watchdog.o(i.WatchdogEnable), (10 bytes).
    Removing watchdog.o(i.WatchdogIntClear), (6 bytes).
    Removing watchdog.o(i.WatchdogIntEnable), (10 bytes).
    Removing watchdog.o(i.WatchdogIntRegister), (22 bytes).
    Removing watchdog.o(i.WatchdogIntStatus), (12 bytes).
    Removing watchdog.o(i.WatchdogIntTypeSet), (12 bytes).
    Removing watchdog.o(i.WatchdogIntUnregister), (18 bytes).
    Removing watchdog.o(i.WatchdogLock), (8 bytes).
    Removing watchdog.o(i.WatchdogLockState), (16 bytes).
    Removing watchdog.o(i.WatchdogReloadGet), (6 bytes).
    Removing watchdog.o(i.WatchdogReloadSet), (4 bytes).
    Removing watchdog.o(i.WatchdogResetDisable), (10 bytes).
    Removing watchdog.o(i.WatchdogResetEnable), (10 bytes).
    Removing watchdog.o(i.WatchdogRunning), (10 bytes).
    Removing watchdog.o(i.WatchdogStallDisable), (14 bytes).
    Removing watchdog.o(i.WatchdogStallEnable), (14 bytes).
    Removing watchdog.o(i.WatchdogUnlock), (12 bytes).
    Removing watchdog.o(i.WatchdogValueGet), (6 bytes).
    Removing uartstdio.o(i.UARTgetc), (24 bytes).
    Removing uartstdio.o(i.UARTgets), (156 bytes).
    Removing dadd.o(.text), (334 bytes).
    Removing dmul.o(.text), (228 bytes).
    Removing dneg.o(.text), (6 bytes).
    Removing dflti.o(.text), (34 bytes).
    Removing f2d.o(.text), (38 bytes).
    Removing d2f.o(.text), (56 bytes).
    Removing fepilogue.o(.text), (110 bytes).
    Removing depilogue.o(.text), (186 bytes).
    Removing ddiv.o(.text), (222 bytes).
    Removing cdcmple.o(.text), (48 bytes).
    Removing dsqrt.o(.text), (162 bytes).
    Removing epi.o(i.EPIWorkaroundWordWrite), (12 bytes).
    Removing epi.o(i.EPIWorkaroundWordRead), (14 bytes).
    Removing epi.o(i.EPIWorkaroundHWordWrite), (12 bytes).
    Removing epi.o(i.EPIWorkaroundByteWrite), (12 bytes).
    Removing epi.o(i.EPIWorkaroundByteRead), (14 bytes).

966 unused section(s) (total 55720 bytes) removed from the image.

==============================================================================

Image Symbol Table

    Local Symbols

    Symbol Name                              Value     Ov Type        Size  Object(Section)

    RESET                                    0x00000000   Section      648  startup_rvmdk.o(RESET)
    ../clib/../cmprslib/zerorunl.c           0x00000000   Number         0  __dczerorl.o ABSOLUTE
    ../clib/microlib/division.c              0x00000000   Number         0  ldiv.o ABSOLUTE
    ../clib/microlib/division.c              0x00000000   Number         0  uldiv.o ABSOLUTE
    ../clib/microlib/errno.c                 0x00000000   Number         0  errno.o ABSOLUTE
    ../clib/microlib/init/entry.s            0x00000000   Number         0  entry7a.o ABSOLUTE
    ../clib/microlib/init/entry.s            0x00000000   Number         0  entry7b.o ABSOLUTE
    ../clib/microlib/init/entry.s            0x00000000   Number         0  entry8b.o ABSOLUTE
    ../clib/microlib/init/entry.s            0x00000000   Number         0  entry.o ABSOLUTE
    ../clib/microlib/init/entry.s            0x00000000   Number         0  entry8a.o ABSOLUTE
    ../clib/microlib/init/entry.s            0x00000000   Number         0  entry9b.o ABSOLUTE
    ../clib/microlib/init/entry.s            0x00000000   Number         0  entry12b.o ABSOLUTE
    ../clib/microlib/init/entry.s            0x00000000   Number         0  entry12a.o ABSOLUTE
    ../clib/microlib/init/entry.s            0x00000000   Number         0  entry11b.o ABSOLUTE
    ../clib/microlib/init/entry.s            0x00000000   Number         0  entry11a.o ABSOLUTE
    ../clib/microlib/init/entry.s            0x00000000   Number         0  entry10b.o ABSOLUTE
    ../clib/microlib/init/entry.s            0x00000000   Number         0  entry10a.o ABSOLUTE
    ../clib/microlib/init/entry.s            0x00000000   Number         0  entry9a.o ABSOLUTE
    ../clib/microlib/init/entry.s            0x00000000   Number         0  entry2.o ABSOLUTE
    ../clib/microlib/init/entry.s            0x00000000   Number         0  entry5.o ABSOLUTE
    ../clib/microlib/longlong.c              0x00000000   Number         0  llsshr.o ABSOLUTE
    ../clib/microlib/longlong.c              0x00000000   Number         0  llushr.o ABSOLUTE
    ../clib/microlib/longlong.c              0x00000000   Number         0  llshl.o ABSOLUTE
    ../clib/microlib/string/memcmp.c         0x00000000   Number         0  memcmp.o ABSOLUTE
    ../clib/microlib/string/memset.c         0x00000000   Number         0  memseta.o ABSOLUTE
    ../clib/microlib/stubs.s                 0x00000000   Number         0  iusefp.o ABSOLUTE
    ../fplib/microlib/d2f.c                  0x00000000   Number         0  d2f.o ABSOLUTE
    ../fplib/microlib/f2d.c                  0x00000000   Number         0  f2d.o ABSOLUTE
    ../fplib/microlib/fpadd.c                0x00000000   Number         0  dadd.o ABSOLUTE
    ../fplib/microlib/fpdiv.c                0x00000000   Number         0  ddiv.o ABSOLUTE
    ../fplib/microlib/fpepilogue.c           0x00000000   Number         0  depilogue.o ABSOLUTE
    ../fplib/microlib/fpepilogue.c           0x00000000   Number         0  fepilogue.o ABSOLUTE
    ../fplib/microlib/fpflt.c                0x00000000   Number         0  dflti.o ABSOLUTE
    ../fplib/microlib/fpmul.c                0x00000000   Number         0  dmul.o ABSOLUTE
    ../fplib/microlib/fpneg.c                0x00000000   Number         0  dneg.o ABSOLUTE
    ../fplib/microlib/fpsqrt.c               0x00000000   Number         0  dsqrt.o ABSOLUTE
    ../mathlib/asin.c                        0x00000000   Number         0  asin_x.o ABSOLUTE
    ../mathlib/asin.c                        0x00000000   Number         0  asin.o ABSOLUTE
    ../mathlib/atan.c                        0x00000000   Number         0  atan.o ABSOLUTE
    ../mathlib/atan.c                        0x00000000   Number         0  atan_x.o ABSOLUTE
    ../mathlib/atan2.c                       0x00000000   Number         0  atan2.o ABSOLUTE
    ../mathlib/atan2.c                       0x00000000   Number         0  atan2_x.o ABSOLUTE
    ../mathlib/dunder.c                      0x00000000   Number         0  dunder.o ABSOLUTE
    ../mathlib/fabs.c                        0x00000000   Number         0  fabs.o ABSOLUTE
    ../mathlib/fpclassify.c                  0x00000000   Number         0  fpclassify.o ABSOLUTE
    ../mathlib/poly.c                        0x00000000   Number         0  poly.o ABSOLUTE
    ../mathlib/qnan.c                        0x00000000   Number         0  qnan.o ABSOLUTE
    ../mathlib/sqrt.c                        0x00000000   Number         0  sqrt.o ABSOLUTE
    ../mathlib/sqrt.c                        0x00000000   Number         0  sqrt_x.o ABSOLUTE
    ..\Hardware\Adc\myAdc.c                  0x00000000   Number         0  myadc.o ABSOLUTE
    ..\Hardware\DMA\myDMA.c                  0x00000000   Number         0  mydma.o ABSOLUTE
    ..\Hardware\EEPROM\myEEPROM.c            0x00000000   Number         0  myeeprom.o ABSOLUTE
    ..\Hardware\Encorder\myEncorder.c        0x00000000   Number         0  myencorder.o ABSOLUTE
    ..\Hardware\I2C\myI2C.c                  0x00000000   Number         0  myi2c.o ABSOLUTE
    ..\Hardware\Key\key.c                    0x00000000   Number         0  key.o ABSOLUTE
    ..\Hardware\MPU6050\inv_mpu.c            0x00000000   Number         0  inv_mpu.o ABSOLUTE
    ..\Hardware\MPU6050\inv_mpu_dmp_motion_driver.c 0x00000000   Number         0  inv_mpu_dmp_motion_driver.o ABSOLUTE
    ..\Hardware\MPU6050\mpu6050.c            0x00000000   Number         0  mpu6050.o ABSOLUTE
    ..\Hardware\MPU6050\mpu6050_firRefi.c    0x00000000   Number         0  mpu6050_firrefi.o ABSOLUTE
    ..\Hardware\Pwm\myPwm.c                  0x00000000   Number         0  mypwm.o ABSOLUTE
    ..\Hardware\RGB_LED\rgb.c                0x00000000   Number         0  rgb.o ABSOLUTE
    ..\Hardware\SPI\mySPI.c                  0x00000000   Number         0  myspi.o ABSOLUTE
    ..\Hardware\Timer\myTimer.c              0x00000000   Number         0  mytimer.o ABSOLUTE
    ..\Hardware\USART\usart.c                0x00000000   Number         0  usart.o ABSOLUTE
    ..\Hardware\oled\oled.c                  0x00000000   Number         0  oled.o ABSOLUTE
    ..\Libraries\CMSIS\startup_rvmdk.S       0x00000000   Number         0  startup_rvmdk.o ABSOLUTE
    ..\Libraries\src\adc.c                   0x00000000   Number         0  adc.o ABSOLUTE
    ..\Libraries\src\aes.c                   0x00000000   Number         0  aes.o ABSOLUTE
    ..\Libraries\src\can.c                   0x00000000   Number         0  can.o ABSOLUTE
    ..\Libraries\src\comp.c                  0x00000000   Number         0  comp.o ABSOLUTE
    ..\Libraries\src\cpu.c                   0x00000000   Number         0  cpu.o ABSOLUTE
    ..\Libraries\src\crc.c                   0x00000000   Number         0  crc.o ABSOLUTE
    ..\Libraries\src\des.c                   0x00000000   Number         0  des.o ABSOLUTE
    ..\Libraries\src\eeprom.c                0x00000000   Number         0  eeprom.o ABSOLUTE
    ..\Libraries\src\emac.c                  0x00000000   Number         0  emac.o ABSOLUTE
    ..\Libraries\src\epi.c                   0x00000000   Number         0  epi.o ABSOLUTE
    ..\Libraries\src\flash.c                 0x00000000   Number         0  flash.o ABSOLUTE
    ..\Libraries\src\fpu.c                   0x00000000   Number         0  fpu.o ABSOLUTE
    ..\Libraries\src\gpio.c                  0x00000000   Number         0  gpio.o ABSOLUTE
    ..\Libraries\src\i2c.c                   0x00000000   Number         0  i2c.o ABSOLUTE
    ..\Libraries\src\interrupt.c             0x00000000   Number         0  interrupt.o ABSOLUTE
    ..\Libraries\src\lcd.c                   0x00000000   Number         0  lcd.o ABSOLUTE
    ..\Libraries\src\mpu.c                   0x00000000   Number         0  mpu.o ABSOLUTE
    ..\Libraries\src\pwm.c                   0x00000000   Number         0  pwm.o ABSOLUTE
    ..\Libraries\src\qei.c                   0x00000000   Number         0  qei.o ABSOLUTE
    ..\Libraries\src\shamd5.c                0x00000000   Number         0  shamd5.o ABSOLUTE
    ..\Libraries\src\ssi.c                   0x00000000   Number         0  ssi.o ABSOLUTE
    ..\Libraries\src\sw_crc.c                0x00000000   Number         0  sw_crc.o ABSOLUTE
    ..\Libraries\src\sysctl.c                0x00000000   Number         0  sysctl.o ABSOLUTE
    ..\Libraries\src\sysexc.c                0x00000000   Number         0  sysexc.o ABSOLUTE
    ..\Libraries\src\systick.c               0x00000000   Number         0  systick.o ABSOLUTE
    ..\Libraries\src\timer.c                 0x00000000   Number         0  timer_1.o ABSOLUTE
    ..\Libraries\src\uart.c                  0x00000000   Number         0  uart.o ABSOLUTE
    ..\Libraries\src\udma.c                  0x00000000   Number         0  udma.o ABSOLUTE
    ..\Libraries\src\usb.c                   0x00000000   Number         0  usb.o ABSOLUTE
    ..\Libraries\src\watchdog.c              0x00000000   Number         0  watchdog.o ABSOLUTE
    ..\Libraries\utils\uartstdio.c           0x00000000   Number         0  uartstdio.o ABSOLUTE
    ..\User\main.c                           0x00000000   Number         0  main.o ABSOLUTE
    ..\\Libraries\\src\\cpu.c                0x00000000   Number         0  cpu.o ABSOLUTE
    ..\\Libraries\\src\\sysctl.c             0x00000000   Number         0  sysctl.o ABSOLUTE
    cdcmple.s                                0x00000000   Number         0  cdcmple.o ABSOLUTE
    dc.s                                     0x00000000   Number         0  dc.o ABSOLUTE
    handlers.s                               0x00000000   Number         0  handlers.o ABSOLUTE
    init.s                                   0x00000000   Number         0  init.o ABSOLUTE
    $v0                                      0x0000026c   Number         0  startup_rvmdk.o(RESET)
    NmiSR                                    0x00000281   Thumb Code     0  startup_rvmdk.o(RESET)
    FaultISR                                 0x00000283   Thumb Code     0  startup_rvmdk.o(RESET)
    IntDefaultHandler                        0x00000285   Thumb Code     0  startup_rvmdk.o(RESET)
    .ARM.Collect$$$$00000000                 0x00000288   Section        0  entry.o(.ARM.Collect$$$$00000000)
    .ARM.Collect$$$$00000001                 0x00000288   Section        4  entry2.o(.ARM.Collect$$$$00000001)
    .ARM.Collect$$$$00000004                 0x0000028c   Section        4  entry5.o(.ARM.Collect$$$$00000004)
    .ARM.Collect$$$$00000008                 0x00000290   Section        0  entry7b.o(.ARM.Collect$$$$00000008)
    .ARM.Collect$$$$0000000A                 0x00000290   Section        0  entry8b.o(.ARM.Collect$$$$0000000A)
    .ARM.Collect$$$$0000000B                 0x00000290   Section        8  entry9a.o(.ARM.Collect$$$$0000000B)
    .ARM.Collect$$$$0000000E                 0x00000298   Section        4  entry12b.o(.ARM.Collect$$$$0000000E)
    .ARM.Collect$$$$0000000F                 0x0000029c   Section        0  entry10a.o(.ARM.Collect$$$$0000000F)
    .ARM.Collect$$$$00000011                 0x0000029c   Section        0  entry11a.o(.ARM.Collect$$$$00000011)
    .ARM.Collect$$$$00002712                 0x0000029c   Section        4  entry2.o(.ARM.Collect$$$$00002712)
    __lit__00000000                          0x0000029c   Data           4  entry2.o(.ARM.Collect$$$$00002712)
    .emb_text                                0x000002a0   Section       38  cpu.o(.emb_text)
    $v0                                      0x000002a0   Number         0  cpu.o(.emb_text)
    .emb_text                                0x000002c8   Section        6  sysctl.o(.emb_text)
    $v0                                      0x000002c8   Number         0  sysctl.o(.emb_text)
    .text                                    0x000002d0   Section       36  init.o(.text)
    .text                                    0x000002f4   Section        0  __dczerorl.o(.text)
    i.ADCGetValueHandler                     0x00000330   Section        0  myadc.o(i.ADCGetValueHandler)
    i.ADCIntClear                            0x0000035c   Section        0  adc.o(i.ADCIntClear)
    i.ADCSequenceDataGet                     0x00000364   Section        0  adc.o(i.ADCSequenceDataGet)
    i.Capture_Init                           0x00000388   Section        0  mytimer.o(i.Capture_Init)
    i.Dma_Handler                            0x00000418   Section        0  usart.o(i.Dma_Handler)
    i.FPULazyStackingEnable                  0x00000460   Section        0  fpu.o(i.FPULazyStackingEnable)
    i.GPIODirModeSet                         0x00000474   Section        0  gpio.o(i.GPIODirModeSet)
    i.GPIOIntClear                           0x000004a6   Section        0  gpio.o(i.GPIOIntClear)
    i.GPIOIntStatus                          0x000004ac   Section        0  gpio.o(i.GPIOIntStatus)
    i.GPIOPadConfigSet                       0x000004bc   Section        0  gpio.o(i.GPIOPadConfigSet)
    i.GPIOPinConfigure                       0x00000614   Section        0  gpio.o(i.GPIOPinConfigure)
    i.GPIOPinTypeTimer                       0x00000664   Section        0  gpio.o(i.GPIOPinTypeTimer)
    i.GPIOPinTypeUART                        0x00000682   Section        0  gpio.o(i.GPIOPinTypeUART)
    i.GPIOPinWrite                           0x000006a0   Section        0  gpio.o(i.GPIOPinWrite)
    i.Get_Position                           0x000006ac   Section        0  main.o(i.Get_Position)
    i.IntEnable                              0x00000748   Section        0  interrupt.o(i.IntEnable)
    i.IntMasterEnable                        0x000007bc   Section        0  interrupt.o(i.IntMasterEnable)
    i.IntPrioritySet                         0x000007cc   Section        0  interrupt.o(i.IntPrioritySet)
    i.IntRegister                            0x00000800   Section        0  interrupt.o(i.IntRegister)
    i.Interrupt_Config                       0x0000083c   Section        0  usart.o(i.Interrupt_Config)
    i.SW2_Handler                            0x0000087c   Section        0  key.o(i.SW2_Handler)
    i.SysCtlClockGet                         0x000008c8   Section        0  sysctl.o(i.SysCtlClockGet)
    i.SysCtlClockSet                         0x000009d0   Section        0  sysctl.o(i.SysCtlClockSet)
    i.SysCtlPeripheralEnable                 0x00000b0c   Section        0  sysctl.o(i.SysCtlPeripheralEnable)
    i.TimerConfigure                         0x00000b40   Section        0  timer_1.o(i.TimerConfigure)
    i.TimerControlEvent                      0x00000ba0   Section        0  timer_1.o(i.TimerControlEvent)
    i.TimerEnable                            0x00000bb6   Section        0  timer_1.o(i.TimerEnable)
    i.TimerIntClear                          0x00000bc4   Section        0  timer_1.o(i.TimerIntClear)
    i.TimerIntEnable                         0x00000bc8   Section        0  timer_1.o(i.TimerIntEnable)
    i.TimerIntRegister                       0x00000bd0   Section        0  timer_1.o(i.TimerIntRegister)
    i.TimerIntStatus                         0x00000bf6   Section        0  timer_1.o(i.TimerIntStatus)
    i.TimerValueGet                          0x00000c02   Section        0  timer_1.o(i.TimerValueGet)
    i.Timer_Capture_Handler                  0x00000c10   Section        0  mytimer.o(i.Timer_Capture_Handler)
    i.UARTCharGetNonBlocking                 0x00000d4c   Section        0  uart.o(i.UARTCharGetNonBlocking)
    i.UARTClockSourceSet                     0x00000d60   Section        0  uart.o(i.UARTClockSourceSet)
    i.UARTDMAEnable                          0x00000d66   Section        0  uart.o(i.UARTDMAEnable)
    i.UARTFIFOEnable                         0x00000d6e   Section        0  uart.o(i.UARTFIFOEnable)
    i.UARTFIFOLevelSet                       0x00000d78   Section        0  uart.o(i.UARTFIFOLevelSet)
    i.UARTIntClear                           0x00000d80   Section        0  uart.o(i.UARTIntClear)
    i.UARTIntEnable                          0x00000d84   Section        0  uart.o(i.UARTIntEnable)
    i.UARTIntRegister                        0x00000d8c   Section        0  uart.o(i.UARTIntRegister)
    i.UARTIntStatus                          0x00000daa   Section        0  uart.o(i.UARTIntStatus)
    i.UARTStdioConfig                        0x00000db8   Section        0  uartstdio.o(i.UARTStdioConfig)
    i.UART_Config                            0x00000e24   Section        0  usart.o(i.UART_Config)
    i.UART_DMA_Config                        0x00000e58   Section        0  usart.o(i.UART_DMA_Config)
    i.UART_RxHandler                         0x00000ed4   Section        0  usart.o(i.UART_RxHandler)
    i.UARTprintf                             0x00000f6c   Section        0  uartstdio.o(i.UARTprintf)
    i.UARTvprintf                            0x00000f88   Section        0  uartstdio.o(i.UARTvprintf)
    i.UARTwrite                              0x000011d8   Section        0  uartstdio.o(i.UARTwrite)
    i.USART_Init                             0x00001218   Section        0  usart.o(i.USART_Init)
    i._TimerIntNumberGet                     0x00001274   Section        0  timer_1.o(i._TimerIntNumberGet)
    _TimerIntNumberGet                       0x00001275   Thumb Code    68  timer_1.o(i._TimerIntNumberGet)
    i._UARTIntNumberGet                      0x000012cc   Section        0  uart.o(i._UARTIntNumberGet)
    _UARTIntNumberGet                        0x000012cd   Thumb Code    56  uart.o(i._UARTIntNumberGet)
    i.__scatterload_copy                     0x00001318   Section       14  handlers.o(i.__scatterload_copy)
    i.__scatterload_null                     0x00001326   Section        2  handlers.o(i.__scatterload_null)
    i.__scatterload_zeroinit                 0x00001328   Section       14  handlers.o(i.__scatterload_zeroinit)
    i.main                                   0x00001338   Section        0  main.o(i.main)
    i.uDMAChannelAssign                      0x000013c4   Section        0  udma.o(i.uDMAChannelAssign)
    i.uDMAChannelAttributeDisable            0x000013ec   Section        0  udma.o(i.uDMAChannelAttributeDisable)
    i.uDMAChannelAttributeEnable             0x00001430   Section        0  udma.o(i.uDMAChannelAttributeEnable)
    i.uDMAChannelControlSet                  0x00001474   Section        0  udma.o(i.uDMAChannelControlSet)
    i.uDMAChannelEnable                      0x0000149c   Section        0  udma.o(i.uDMAChannelEnable)
    i.uDMAChannelModeGet                     0x000014b0   Section        0  udma.o(i.uDMAChannelModeGet)
    i.uDMAChannelRequest                     0x000014e0   Section        0  udma.o(i.uDMAChannelRequest)
    i.uDMAChannelTransferSet                 0x000014f4   Section        0  udma.o(i.uDMAChannelTransferSet)
    i.uDMAControlBaseSet                     0x000015a4   Section        0  udma.o(i.uDMAControlBaseSet)
    i.uDMAEnable                             0x000015b0   Section        0  udma.o(i.uDMAEnable)
    i.uDMAIntRegister                        0x000015bc   Section        0  udma.o(i.uDMAIntRegister)
    .constdata                               0x000015d4   Section      528  gpio.o(.constdata)
    g_ppui32GPIOIntMapBlizzard               0x000015d4   Data         192  gpio.o(.constdata)
    g_ppui32GPIOIntMapSnowflake              0x00001694   Data         192  gpio.o(.constdata)
    g_pui32GPIOBaseAddrs                     0x00001754   Data         144  gpio.o(.constdata)
    .constdata                               0x000017e4   Section      268  interrupt.o(.constdata)
    g_pui32Priority                          0x000017e4   Data          32  interrupt.o(.constdata)
    g_pui32Regs                              0x00001804   Data         156  interrupt.o(.constdata)
    g_pui32EnRegs                            0x000018a0   Data          20  interrupt.o(.constdata)
    g_pui32Dii16Regs                         0x000018b4   Data          20  interrupt.o(.constdata)
    g_pui32PendRegs                          0x000018c8   Data          20  interrupt.o(.constdata)
    g_pui32UnpendRegs                        0x000018dc   Data          20  interrupt.o(.constdata)
    .constdata                               0x000018f0   Section      460  sysctl.o(.constdata)
    g_pui32Xtals                             0x000018f0   Data         108  sysctl.o(.constdata)
    g_pppui32XTALtoVCO                       0x0000195c   Data         288  sysctl.o(.constdata)
    g_sXTALtoMEMTIM                          0x00001a7c   Data          56  sysctl.o(.constdata)
    g_pui32VCOFrequencies                    0x00001ab4   Data           8  sysctl.o(.constdata)
    .constdata                               0x00001abc   Section      160  timer_1.o(.constdata)
    g_ppui32TimerIntMap                      0x00001abc   Data          96  timer_1.o(.constdata)
    g_ppui32TimerIntMapSnowflake             0x00001b1c   Data          64  timer_1.o(.constdata)
    .constdata                               0x00001b5c   Section      128  uart.o(.constdata)
    g_ppui32UARTIntMap                       0x00001b5c   Data          64  uart.o(.constdata)
    g_ppui32UARTIntMapSnowflake              0x00001b9c   Data          64  uart.o(.constdata)
    .constdata                               0x00001bdc   Section       28  uartstdio.o(.constdata)
    g_pcHex                                  0x00001bdc   Data           4  uartstdio.o(.constdata)
    g_ui32UARTBase                           0x00001be0   Data          12  uartstdio.o(.constdata)
    g_ui32UARTPeriph                         0x00001bec   Data          12  uartstdio.o(.constdata)
    .conststring                             0x00001bf8   Section       17  uartstdio.o(.conststring)
    .data                                    0x20000000   Section        8  usart.o(.data)
    .data                                    0x20000008   Section       32  mytimer.o(.data)
    .data                                    0x20000028   Section        5  uartstdio.o(.data)
    g_ui32Base                               0x20000028   Data           4  uartstdio.o(.data)
    bLastWasCR                               0x2000002c   Data           1  uartstdio.o(.data)
    vtable                                   0x20000400   Section      620  interrupt.o(vtable)
    g_pfnRAMVectors                          0x20000400   Data         620  interrupt.o(vtable)
    .bss                                     0x20000800   Section     1134  usart.o(.bss)
    STACK                                    0x20000c70   Section      512  startup_rvmdk.o(STACK)
    StackMem                                 0x20000c70   Data           0  startup_rvmdk.o(STACK)

    Global Symbols

    Symbol Name                              Value     Ov Type        Size  Object(Section)

    BuildAttributes$$THM_ISAv4$E$P$D$K$B$S$7EM$VFPi3$EXTD16$VFPS$VFMA$PE$A:L22UL41UL21$X:L11$S22US41US21$IEEE1$IW$USESV6$~STKCKD$USESV7$~SHL$OTIME$ROPI$IEEEX$EBA8$MICROLIB$REQ8$PRES8$EABIv2 0x00000000   Number         0  anon$$obj.o ABSOLUTE
    __ARM_use_no_argv                        0x00000000   Number         0  main.o ABSOLUTE
    __Vectors                                0x00000000   Data           0  startup_rvmdk.o(RESET)
    __arm_fini_                               - Undefined Weak Reference
    __cpp_initialize__aeabi_                  - Undefined Weak Reference
    __cxa_finalize                            - Undefined Weak Reference
    _clock_init                               - Undefined Weak Reference
    _microlib_exit                            - Undefined Weak Reference
    Reset_Handler                            0x0000026d   Thumb Code     0  startup_rvmdk.o(RESET)
    __main                                   0x00000289   Thumb Code     0  entry.o(.ARM.Collect$$$$00000000)
    _main_stk                                0x00000289   Thumb Code     0  entry2.o(.ARM.Collect$$$$00000001)
    _main_scatterload                        0x0000028d   Thumb Code     0  entry5.o(.ARM.Collect$$$$00000004)
    __main_after_scatterload                 0x00000291   Thumb Code     0  entry5.o(.ARM.Collect$$$$00000004)
    _main_clock                              0x00000291   Thumb Code     0  entry7b.o(.ARM.Collect$$$$00000008)
    _main_cpp_init                           0x00000291   Thumb Code     0  entry8b.o(.ARM.Collect$$$$0000000A)
    _main_init                               0x00000291   Thumb Code     0  entry9a.o(.ARM.Collect$$$$0000000B)
    __rt_lib_shutdown_fini                   0x00000299   Thumb Code     0  entry12b.o(.ARM.Collect$$$$0000000E)
    __rt_final_cpp                           0x0000029d   Thumb Code     0  entry10a.o(.ARM.Collect$$$$0000000F)
    __rt_final_exit                          0x0000029d   Thumb Code     0  entry11a.o(.ARM.Collect$$$$00000011)
    CPUcpsid                                 0x000002a1   Thumb Code     8  cpu.o(.emb_text)
    CPUprimask                               0x000002a9   Thumb Code     6  cpu.o(.emb_text)
    CPUcpsie                                 0x000002af   Thumb Code     8  cpu.o(.emb_text)
    CPUwfi                                   0x000002b7   Thumb Code     4  cpu.o(.emb_text)
    CPUbasepriSet                            0x000002bb   Thumb Code     6  cpu.o(.emb_text)
    CPUbasepriGet                            0x000002c1   Thumb Code     6  cpu.o(.emb_text)
    SysCtlDelay                              0x000002c9   Thumb Code     6  sysctl.o(.emb_text)
    __scatterload                            0x000002d1   Thumb Code    28  init.o(.text)
    __scatterload_rt2                        0x000002d1   Thumb Code     0  init.o(.text)
    __decompress                             0x000002f5   Thumb Code     0  __dczerorl.o(.text)
    __decompress0                            0x000002f5   Thumb Code    58  __dczerorl.o(.text)
    ADCGetValueHandler                       0x00000331   Thumb Code    30  myadc.o(i.ADCGetValueHandler)
    ADCIntClear                              0x0000035d   Thumb Code     8  adc.o(i.ADCIntClear)
    ADCSequenceDataGet                       0x00000365   Thumb Code    34  adc.o(i.ADCSequenceDataGet)
    Capture_Init                             0x00000389   Thumb Code   114  mytimer.o(i.Capture_Init)
    Dma_Handler                              0x00000419   Thumb Code    40  usart.o(i.Dma_Handler)
    FPULazyStackingEnable                    0x00000461   Thumb Code    14  fpu.o(i.FPULazyStackingEnable)
    GPIODirModeSet                           0x00000475   Thumb Code    50  gpio.o(i.GPIODirModeSet)
    GPIOIntClear                             0x000004a7   Thumb Code     6  gpio.o(i.GPIOIntClear)
    GPIOIntStatus                            0x000004ad   Thumb Code    16  gpio.o(i.GPIOIntStatus)
    GPIOPadConfigSet                         0x000004bd   Thumb Code   342  gpio.o(i.GPIOPadConfigSet)
    GPIOPinConfigure                         0x00000615   Thumb Code    70  gpio.o(i.GPIOPinConfigure)
    GPIOPinTypeTimer                         0x00000665   Thumb Code    30  gpio.o(i.GPIOPinTypeTimer)
    GPIOPinTypeUART                          0x00000683   Thumb Code    30  gpio.o(i.GPIOPinTypeUART)
    GPIOPinWrite                             0x000006a1   Thumb Code    10  gpio.o(i.GPIOPinWrite)
    Get_Position                             0x000006ad   Thumb Code   120  main.o(i.Get_Position)
    IntEnable                                0x00000749   Thumb Code   108  interrupt.o(i.IntEnable)
    IntMasterEnable                          0x000007bd   Thumb Code    16  interrupt.o(i.IntMasterEnable)
    IntPrioritySet                           0x000007cd   Thumb Code    46  interrupt.o(i.IntPrioritySet)
    IntRegister                              0x00000801   Thumb Code    52  interrupt.o(i.IntRegister)
    Interrupt_Config                         0x0000083d   Thumb Code    54  usart.o(i.Interrupt_Config)
    SW2_Handler                              0x0000087d   Thumb Code    62  key.o(i.SW2_Handler)
    SysCtlClockGet                           0x000008c9   Thumb Code   244  sysctl.o(i.SysCtlClockGet)
    SysCtlClockSet                           0x000009d1   Thumb Code   300  sysctl.o(i.SysCtlClockSet)
    SysCtlPeripheralEnable                   0x00000b0d   Thumb Code    46  sysctl.o(i.SysCtlPeripheralEnable)
    TimerConfigure                           0x00000b41   Thumb Code    84  timer_1.o(i.TimerConfigure)
    TimerControlEvent                        0x00000ba1   Thumb Code    22  timer_1.o(i.TimerControlEvent)
    TimerEnable                              0x00000bb7   Thumb Code    14  timer_1.o(i.TimerEnable)
    TimerIntClear                            0x00000bc5   Thumb Code     4  timer_1.o(i.TimerIntClear)
    TimerIntEnable                           0x00000bc9   Thumb Code     8  timer_1.o(i.TimerIntEnable)
    TimerIntRegister                         0x00000bd1   Thumb Code    38  timer_1.o(i.TimerIntRegister)
    TimerIntStatus                           0x00000bf7   Thumb Code    12  timer_1.o(i.TimerIntStatus)
    TimerValueGet                            0x00000c03   Thumb Code    14  timer_1.o(i.TimerValueGet)
    Timer_Capture_Handler                    0x00000c11   Thumb Code   280  mytimer.o(i.Timer_Capture_Handler)
    UARTCharGetNonBlocking                   0x00000d4d   Thumb Code    20  uart.o(i.UARTCharGetNonBlocking)
    UARTClockSourceSet                       0x00000d61   Thumb Code     6  uart.o(i.UARTClockSourceSet)
    UARTDMAEnable                            0x00000d67   Thumb Code     8  uart.o(i.UARTDMAEnable)
    UARTFIFOEnable                           0x00000d6f   Thumb Code    10  uart.o(i.UARTFIFOEnable)
    UARTFIFOLevelSet                         0x00000d79   Thumb Code     8  uart.o(i.UARTFIFOLevelSet)
    UARTIntClear                             0x00000d81   Thumb Code     4  uart.o(i.UARTIntClear)
    UARTIntEnable                            0x00000d85   Thumb Code     8  uart.o(i.UARTIntEnable)
    UARTIntRegister                          0x00000d8d   Thumb Code    30  uart.o(i.UARTIntRegister)
    UARTIntStatus                            0x00000dab   Thumb Code    12  uart.o(i.UARTIntStatus)
    UARTStdioConfig                          0x00000db9   Thumb Code    96  uartstdio.o(i.UARTStdioConfig)
    UART_Config                              0x00000e25   Thumb Code    36  usart.o(i.UART_Config)
    UART_DMA_Config                          0x00000e59   Thumb Code    94  usart.o(i.UART_DMA_Config)
    UART_RxHandler                           0x00000ed5   Thumb Code   120  usart.o(i.UART_RxHandler)
    UARTprintf                               0x00000f6d   Thumb Code    26  uartstdio.o(i.UARTprintf)
    UARTvprintf                              0x00000f89   Thumb Code   574  uartstdio.o(i.UARTvprintf)
    UARTwrite                                0x000011d9   Thumb Code    58  uartstdio.o(i.UARTwrite)
    USART_Init                               0x00001219   Thumb Code    66  usart.o(i.USART_Init)
    __scatterload_copy                       0x00001319   Thumb Code    14  handlers.o(i.__scatterload_copy)
    __scatterload_null                       0x00001327   Thumb Code     2  handlers.o(i.__scatterload_null)
    __scatterload_zeroinit                   0x00001329   Thumb Code    14  handlers.o(i.__scatterload_zeroinit)
    main                                     0x00001339   Thumb Code    92  main.o(i.main)
    uDMAChannelAssign                        0x000013c5   Thumb Code    36  udma.o(i.uDMAChannelAssign)
    uDMAChannelAttributeDisable              0x000013ed   Thumb Code    62  udma.o(i.uDMAChannelAttributeDisable)
    uDMAChannelAttributeEnable               0x00001431   Thumb Code    62  udma.o(i.uDMAChannelAttributeEnable)
    uDMAChannelControlSet                    0x00001475   Thumb Code    30  udma.o(i.uDMAChannelControlSet)
    uDMAChannelEnable                        0x0000149d   Thumb Code    14  udma.o(i.uDMAChannelEnable)
    uDMAChannelModeGet                       0x000014b1   Thumb Code    42  udma.o(i.uDMAChannelModeGet)
    uDMAChannelRequest                       0x000014e1   Thumb Code    14  udma.o(i.uDMAChannelRequest)
    uDMAChannelTransferSet                   0x000014f5   Thumb Code   170  udma.o(i.uDMAChannelTransferSet)
    uDMAControlBaseSet                       0x000015a5   Thumb Code     6  udma.o(i.uDMAControlBaseSet)
    uDMAEnable                               0x000015b1   Thumb Code     8  udma.o(i.uDMAEnable)
    uDMAIntRegister                          0x000015bd   Thumb Code    22  udma.o(i.uDMAIntRegister)
    Region$$Table$$Base                      0x00001c0c   Number         0  anon$$obj.o(Region$$Table)
    Region$$Table$$Limit                     0x00001c2c   Number         0  anon$$obj.o(Region$$Table)
    cntA                                     0x20000000   Data           4  usart.o(.data)
    cntB                                     0x20000004   Data           4  usart.o(.data)
    freq                                     0x20000008   Data           4  mytimer.o(.data)
    duty                                     0x2000000c   Data           4  mytimer.o(.data)
    timer_flag                               0x20000010   Data           4  mytimer.o(.data)
    capture_1                                0x20000014   Data           4  mytimer.o(.data)
    capture_2                                0x20000018   Data           4  mytimer.o(.data)
    capture_3                                0x2000001c   Data           4  mytimer.o(.data)
    up_count                                 0x20000020   Data           4  mytimer.o(.data)
    down_count                               0x20000024   Data           4  mytimer.o(.data)
    ui8ControlTable                          0x20000800   Data        1024  usart.o(.bss)
    g_ui8TxBuf                               0x20000c00   Data          10  usart.o(.bss)
    g_ui8RxBufA                              0x20000c0a   Data          50  usart.o(.bss)
    g_ui8RxBufB                              0x20000c3c   Data          50  usart.o(.bss)
    __initial_sp                             0x20000e70   Data           0  startup_rvmdk.o(STACK)



==============================================================================

Memory Map of the image

  Image Entry point : 0x00000289

  Load Region LR_IROM1 (Base: 0x00000000, Size: 0x00002298, Max: 0x00040000, ABSOLUTE, COMPRESSED[0x00001c3c])

    Execution Region ER_IROM1 (Exec base: 0x00000000, Load base: 0x00000000, Size: 0x00001c2c, Max: 0x00040000, ABSOLUTE)

    Exec Addr    Load Addr    Size         Type   Attr      Idx    E Section Name        Object

    0x00000000   0x00000000   0x00000288   Code   RO            3    RESET               startup_rvmdk.o
    0x00000288   0x00000288   0x00000000   Code   RO         6639  * .ARM.Collect$$$$00000000  mc_w.l(entry.o)
    0x00000288   0x00000288   0x00000004   Code   RO         6711    .ARM.Collect$$$$00000001  mc_w.l(entry2.o)
    0x0000028c   0x0000028c   0x00000004   Code   RO         6714    .ARM.Collect$$$$00000004  mc_w.l(entry5.o)
    0x00000290   0x00000290   0x00000000   Code   RO         6716    .ARM.Collect$$$$00000008  mc_w.l(entry7b.o)
    0x00000290   0x00000290   0x00000000   Code   RO         6718    .ARM.Collect$$$$0000000A  mc_w.l(entry8b.o)
    0x00000290   0x00000290   0x00000008   Code   RO         6719    .ARM.Collect$$$$0000000B  mc_w.l(entry9a.o)
    0x00000298   0x00000298   0x00000004   Code   RO         6726    .ARM.Collect$$$$0000000E  mc_w.l(entry12b.o)
    0x0000029c   0x0000029c   0x00000000   Code   RO         6721    .ARM.Collect$$$$0000000F  mc_w.l(entry10a.o)
    0x0000029c   0x0000029c   0x00000000   Code   RO         6723    .ARM.Collect$$$$00000011  mc_w.l(entry11a.o)
    0x0000029c   0x0000029c   0x00000004   Code   RO         6712    .ARM.Collect$$$$00002712  mc_w.l(entry2.o)
    0x000002a0   0x000002a0   0x00000026   Code   RO         1820    .emb_text           cpu.o
    0x000002c6   0x000002c6   0x00000002   PAD
    0x000002c8   0x000002c8   0x00000006   Code   RO         4651    .emb_text           sysctl.o
    0x000002ce   0x000002ce   0x00000002   PAD
    0x000002d0   0x000002d0   0x00000024   Code   RO         6749    .text               mc_w.l(init.o)
    0x000002f4   0x000002f4   0x0000003a   Code   RO         6763    .text               mc_w.l(__dczerorl.o)
    0x0000032e   0x0000032e   0x00000002   PAD
    0x00000330   0x00000330   0x0000002c   Code   RO          423    i.ADCGetValueHandler  myadc.o
    0x0000035c   0x0000035c   0x00000008   Code   RO         1211    i.ADCIntClear       adc.o
    0x00000364   0x00000364   0x00000022   Code   RO         1229    i.ADCSequenceDataGet  adc.o
    0x00000386   0x00000386   0x00000002   PAD
    0x00000388   0x00000388   0x00000090   Code   RO          278    i.Capture_Init      mytimer.o
    0x00000418   0x00000418   0x00000048   Code   RO          220    i.Dma_Handler       usart.o
    0x00000460   0x00000460   0x00000014   Code   RO         2924    i.FPULazyStackingEnable  fpu.o
    0x00000474   0x00000474   0x00000032   Code   RO         2985    i.GPIODirModeSet    gpio.o
    0x000004a6   0x000004a6   0x00000006   Code   RO         2986    i.GPIOIntClear      gpio.o
    0x000004ac   0x000004ac   0x00000010   Code   RO         2990    i.GPIOIntStatus     gpio.o
    0x000004bc   0x000004bc   0x00000156   Code   RO         2995    i.GPIOPadConfigSet  gpio.o
    0x00000612   0x00000612   0x00000002   PAD
    0x00000614   0x00000614   0x00000050   Code   RO         2996    i.GPIOPinConfigure  gpio.o
    0x00000664   0x00000664   0x0000001e   Code   RO         3021    i.GPIOPinTypeTimer  gpio.o
    0x00000682   0x00000682   0x0000001e   Code   RO         3022    i.GPIOPinTypeUART   gpio.o
    0x000006a0   0x000006a0   0x0000000a   Code   RO         3028    i.GPIOPinWrite      gpio.o
    0x000006aa   0x000006aa   0x00000002   PAD
    0x000006ac   0x000006ac   0x0000009c   Code   RO            9    i.Get_Position      main.o
    0x00000748   0x00000748   0x00000074   Code   RO         3619    i.IntEnable         interrupt.o
    0x000007bc   0x000007bc   0x00000010   Code   RO         3622    i.IntMasterEnable   interrupt.o
    0x000007cc   0x000007cc   0x00000034   Code   RO         3630    i.IntPrioritySet    interrupt.o
    0x00000800   0x00000800   0x0000003c   Code   RO         3631    i.IntRegister       interrupt.o
    0x0000083c   0x0000083c   0x00000040   Code   RO          221    i.Interrupt_Config  usart.o
    0x0000087c   0x0000087c   0x0000004c   Code   RO          181    i.SW2_Handler       key.o
    0x000008c8   0x000008c8   0x00000108   Code   RO         4656    i.SysCtlClockGet    sysctl.o
    0x000009d0   0x000009d0   0x0000013c   Code   RO         4658    i.SysCtlClockSet    sysctl.o
    0x00000b0c   0x00000b0c   0x00000034   Code   RO         4687    i.SysCtlPeripheralEnable  sysctl.o
    0x00000b40   0x00000b40   0x00000060   Code   RO         5126    i.TimerConfigure    timer_1.o
    0x00000ba0   0x00000ba0   0x00000016   Code   RO         5127    i.TimerControlEvent  timer_1.o
    0x00000bb6   0x00000bb6   0x0000000e   Code   RO         5135    i.TimerEnable       timer_1.o
    0x00000bc4   0x00000bc4   0x00000004   Code   RO         5136    i.TimerIntClear     timer_1.o
    0x00000bc8   0x00000bc8   0x00000008   Code   RO         5138    i.TimerIntEnable    timer_1.o
    0x00000bd0   0x00000bd0   0x00000026   Code   RO         5139    i.TimerIntRegister  timer_1.o
    0x00000bf6   0x00000bf6   0x0000000c   Code   RO         5140    i.TimerIntStatus    timer_1.o
    0x00000c02   0x00000c02   0x0000000e   Code   RO         5157    i.TimerValueGet     timer_1.o
    0x00000c10   0x00000c10   0x0000013c   Code   RO          279    i.Timer_Capture_Handler  mytimer.o
    0x00000d4c   0x00000d4c   0x00000014   Code   RO         5364    i.UARTCharGetNonBlocking  uart.o
    0x00000d60   0x00000d60   0x00000006   Code   RO         5369    i.UARTClockSourceSet  uart.o
    0x00000d66   0x00000d66   0x00000008   Code   RO         5373    i.UARTDMAEnable     uart.o
    0x00000d6e   0x00000d6e   0x0000000a   Code   RO         5379    i.UARTFIFOEnable    uart.o
    0x00000d78   0x00000d78   0x00000008   Code   RO         5381    i.UARTFIFOLevelSet  uart.o
    0x00000d80   0x00000d80   0x00000004   Code   RO         5384    i.UARTIntClear      uart.o
    0x00000d84   0x00000d84   0x00000008   Code   RO         5386    i.UARTIntEnable     uart.o
    0x00000d8c   0x00000d8c   0x0000001e   Code   RO         5387    i.UARTIntRegister   uart.o
    0x00000daa   0x00000daa   0x0000000c   Code   RO         5388    i.UARTIntStatus     uart.o
    0x00000db6   0x00000db6   0x00000002   PAD
    0x00000db8   0x00000db8   0x0000006c   Code   RO         6561    i.UARTStdioConfig   uartstdio.o
    0x00000e24   0x00000e24   0x00000034   Code   RO          222    i.UART_Config       usart.o
    0x00000e58   0x00000e58   0x0000007c   Code   RO          223    i.UART_DMA_Config   usart.o
    0x00000ed4   0x00000ed4   0x00000098   Code   RO          224    i.UART_RxHandler    usart.o
    0x00000f6c   0x00000f6c   0x0000001a   Code   RO         6564    i.UARTprintf        uartstdio.o
    0x00000f86   0x00000f86   0x00000002   PAD
    0x00000f88   0x00000f88   0x00000250   Code   RO         6565    i.UARTvprintf       uartstdio.o
    0x000011d8   0x000011d8   0x00000040   Code   RO         6566    i.UARTwrite         uartstdio.o
    0x00001218   0x00001218   0x0000005c   Code   RO          225    i.USART_Init        usart.o
    0x00001274   0x00001274   0x00000058   Code   RO         5159    i._TimerIntNumberGet  timer_1.o
    0x000012cc   0x000012cc   0x0000004c   Code   RO         5403    i._UARTIntNumberGet  uart.o
    0x00001318   0x00001318   0x0000000e   Code   RO         6757    i.__scatterload_copy  mc_w.l(handlers.o)
    0x00001326   0x00001326   0x00000002   Code   RO         6758    i.__scatterload_null  mc_w.l(handlers.o)
    0x00001328   0x00001328   0x0000000e   Code   RO         6759    i.__scatterload_zeroinit  mc_w.l(handlers.o)
    0x00001336   0x00001336   0x00000002   PAD
    0x00001338   0x00001338   0x0000008c   Code   RO           10    i.main              main.o
    0x000013c4   0x000013c4   0x00000028   Code   RO         5646    i.uDMAChannelAssign  udma.o
    0x000013ec   0x000013ec   0x00000044   Code   RO         5647    i.uDMAChannelAttributeDisable  udma.o
    0x00001430   0x00001430   0x00000044   Code   RO         5648    i.uDMAChannelAttributeEnable  udma.o
    0x00001474   0x00001474   0x00000028   Code   RO         5650    i.uDMAChannelControlSet  udma.o
    0x0000149c   0x0000149c   0x00000014   Code   RO         5652    i.uDMAChannelEnable  udma.o
    0x000014b0   0x000014b0   0x00000030   Code   RO         5654    i.uDMAChannelModeGet  udma.o
    0x000014e0   0x000014e0   0x00000014   Code   RO         5655    i.uDMAChannelRequest  udma.o
    0x000014f4   0x000014f4   0x000000b0   Code   RO         5660    i.uDMAChannelTransferSet  udma.o
    0x000015a4   0x000015a4   0x0000000c   Code   RO         5663    i.uDMAControlBaseSet  udma.o
    0x000015b0   0x000015b0   0x0000000c   Code   RO         5665    i.uDMAEnable        udma.o
    0x000015bc   0x000015bc   0x00000016   Code   RO         5669    i.uDMAIntRegister   udma.o
    0x000015d2   0x000015d2   0x00000002   PAD
    0x000015d4   0x000015d4   0x00000210   Data   RO         3030    .constdata          gpio.o
    0x000017e4   0x000017e4   0x0000010c   Data   RO         3635    .constdata          interrupt.o
    0x000018f0   0x000018f0   0x000001cc   Data   RO         4710    .constdata          sysctl.o
    0x00001abc   0x00001abc   0x000000a0   Data   RO         5160    .constdata          timer_1.o
    0x00001b5c   0x00001b5c   0x00000080   Data   RO         5404    .constdata          uart.o
    0x00001bdc   0x00001bdc   0x0000001c   Data   RO         6567    .constdata          uartstdio.o
    0x00001bf8   0x00001bf8   0x00000011   Data   RO         6568    .conststring        uartstdio.o
    0x00001c09   0x00001c09   0x00000003   PAD
    0x00001c0c   0x00001c0c   0x00000020   Data   RO         6755    Region$$Table       anon$$obj.o


    Execution Region RW_IRAM1 (Exec base: 0x20000000, Load base: 0x00001c2c, Size: 0x00000e70, Max: 0x00008000, ABSOLUTE, COMPRESSED[0x00000010])

    Exec Addr    Load Addr    Size         Type   Attr      Idx    E Section Name        Object

    0x20000000   COMPRESSED   0x00000008   Data   RW          229    .data               usart.o
    0x20000008   COMPRESSED   0x00000020   Data   RW          283    .data               mytimer.o
    0x20000028   COMPRESSED   0x00000005   Data   RW         6569    .data               uartstdio.o
    0x2000002d   COMPRESSED   0x000003d3   PAD
    0x20000400   COMPRESSED   0x0000026c   Data   RW         3636    vtable              interrupt.o
    0x2000066c   COMPRESSED   0x00000194   PAD
    0x20000800        -       0x0000046e   Zero   RW          228    .bss                usart.o
    0x20000c6e   COMPRESSED   0x00000002   PAD
    0x20000c70        -       0x00000200   Zero   RW            1    STACK               startup_rvmdk.o


==============================================================================

Image component sizes


      Code (inc. data)   RO Data    RW Data    ZI Data      Debug   Object Name

        42          0          0          0          0       2275   adc.o
        38          0          0          0          0        596   cpu.o
        20          6          0          0          0        480   fpu.o
       564         10        528          0          0       6146   gpio.o
       244         22        268        620          0       3537   interrupt.o
        76         14          0          0          0        550   key.o
       296         84          0          0          0      20942   main.o
        44         14          0          0          0        537   myadc.o
       460         66          0         32          0       1668   mytimer.o
       648        622          0          0        512        316   startup_rvmdk.o
       638         42        460          0          0       4271   sysctl.o
       296         32        160          0          0       6652   timer_1.o
       182         20        128          0          0       6915   uart.o
       790         36         45          5          0       5004   uartstdio.o
       526         60          0          0          0       7378   udma.o
       556        146          0          8       1134       4206   usart.o

    ----------------------------------------------------------------------
      5436       1174       1624       1644       2052      71473   Object Totals
         0          0         32          0          0          0   (incl. Generated)
        16          0          3        979        406          0   (incl. Padding)

    ----------------------------------------------------------------------

      Code (inc. data)   RO Data    RW Data    ZI Data      Debug   Library Member Name

        58          0          0          0          0          0   __dczerorl.o
         0          0          0          0          0          0   entry.o
         0          0          0          0          0          0   entry10a.o
         0          0          0          0          0          0   entry11a.o
         4          0          0          0          0          0   entry12b.o
         8          4          0          0          0          0   entry2.o
         4          0          0          0          0          0   entry5.o
         0          0          0          0          0          0   entry7b.o
         0          0          0          0          0          0   entry8b.o
         8          4          0          0          0          0   entry9a.o
        30          0          0          0          0          0   handlers.o
        36          8          0          0          0         68   init.o

    ----------------------------------------------------------------------
       152         16          0          0          0         68   Library Totals
         4          0          0          0          0          0   (incl. Padding)

    ----------------------------------------------------------------------

      Code (inc. data)   RO Data    RW Data    ZI Data      Debug   Library Name

       148         16          0          0          0         68   mc_w.l

    ----------------------------------------------------------------------
       152         16          0          0          0         68   Library Totals

    ----------------------------------------------------------------------

==============================================================================


      Code (inc. data)   RO Data    RW Data    ZI Data      Debug   

      5588       1190       1624       1644       2052      65725   Grand Totals
      5588       1190       1624         16       2052      65725   ELF Image Totals (compressed)
      5588       1190       1624         16          0          0   ROM Totals

==============================================================================

    Total RO  Size (Code + RO Data)                 7212 (   7.04kB)
    Total RW  Size (RW Data + ZI Data)              3696 (   3.61kB)
    Total ROM Size (Code + RO Data + RW Data)       7228 (   7.06kB)

==============================================================================

