<html>
<body>
<pre>
<h1>µVision Build Log</h1>
<h2>Tool Versions:</h2>
IDE-Version: ¦ÌVision V5.27.1.0
Copyright (C) 2019 ARM Ltd and ARM Germany GmbH. All rights reserved.
License Information: 12 23, 34, LIC=14HV2-9P3LD-VE8HA-1MNK8-XBRK2-THEL0
 
Tool Versions:
Toolchain:       MDK-ARM Plus  Version: 5.33.0.0
Toolchain Path:  D:\Keil_v5\ARM\ARMCC\Bin
C Compiler:      Armcc.exe V5.06 update 7 (build 960)
Assembler:       Armasm.exe V5.06 update 7 (build 960)
Linker/Locator:  ArmLink.exe V5.06 update 7 (build 960)
Library Manager: ArmAr.exe V5.06 update 7 (build 960)
Hex Converter:   FromElf.exe V5.06 update 7 (build 960)
CPU DLL:         SARMCM3.DLL V5.33.0.0
Dialog DLL:      DCM.DLL V1.17.3.0
Target DLL:      lmidk-agdi.dll V???
Dialog DLL:      TCM.DLL V1.48.0.0
 
<h2>Project:</h2>
C:\Users\luoxianxu\Desktop\TM4C123_Project\Project\Project.uvprojx
Project File Date:  07/13/2023

<h2>Output:</h2>
*** Using Compiler 'V5.06 update 7 (build 960)', folder: 'D:\Keil_v5\ARM\ARMCC\Bin'
Build target 'Target 1'
assembling startup_rvmdk.S...
compiling rgb.c...
compiling key.c...
compiling myPwm.c...
compiling usart.c...
..\Hardware\USART\usart.c(140): warning:  #177-D: variable "ui32Status"  was declared but never referenced
  		uint32_t ui32Status;
..\Hardware\USART\usart.c(117): warning:  #177-D: variable "Txdata"  was declared but never referenced
  	uint32_t Txdata;
..\Hardware\USART\usart.c: 2 warnings, 0 errors
compiling myI2C.c...
compiling myTimer.c...
compiling mySPI.c...
..\Hardware\SPI\mySPI.c(54): warning:  #223-D: function "UARTprintf" declared implicitly
  		UARTprintf("123 rec_data:%d\r\n",rec_data);
..\Hardware\SPI\mySPI.c: 1 warning, 0 errors
compiling main.c...
..\Hardware\oled\oled.h(42): warning:  #47-D: incompatible redefinition of macro "u8"  (declared at line 28 of "..\Hardware\MPU6050\inv_mpu.h")
  #define u8 unsigned char
..\User\main.c: 1 warning, 0 errors
compiling myEncorder.c...
compiling myDMA.c...
compiling myAdc.c...
..\Hardware\Adc\myAdc.c(25): warning:  #223-D: function "UARTprintf" declared implicitly
  	UARTprintf("%d\r\n",pui32ADC0Value[0]);
..\Hardware\Adc\myAdc.c: 1 warning, 0 errors
compiling mpu6050_firRefi.c...
compiling mpu6050.c...
..\Hardware\MPU6050\mpu6050.c(88): warning:  #223-D: function "UARTprintf" declared implicitly
  		UARTprintf("%d\r\n",res);
..\Hardware\MPU6050\mpu6050.c: 1 warning, 0 errors
compiling myEEPROM.c...
..\Hardware\EEPROM\myEEPROM.c(15): warning:  #223-D: function "UARTprintf" declared implicitly
  	UARTprintf("EEPROM Read data:%d\r\n",*Rdata);
..\Hardware\EEPROM\myEEPROM.c: 1 warning, 0 errors
compiling oled.c...
compiling inv_mpu_dmp_motion_driver.c...
compiling aes.c...
compiling adc.c...
compiling can.c...
compiling inv_mpu.c...
compiling comp.c...
compiling crc.c...
compiling des.c...
compiling eeprom.c...
compiling epi.c...
compiling emac.c...
compiling cpu.c...
compiling flash.c...
compiling fpu.c...
compiling gpio.c...
compiling i2c.c...
compiling interrupt.c...
compiling lcd.c...
compiling mpu.c...
compiling qei.c...
compiling pwm.c...
compiling shamd5.c...
compiling sw_crc.c...
compiling ssi.c...
compiling sysexc.c...
compiling systick.c...
compiling timer.c...
compiling uart.c...
compiling udma.c...
compiling watchdog.c...
compiling sysctl.c...
compiling uartstdio.c...
compiling usb.c...
linking...
Program Size: Code=5588 RO-data=1624 RW-data=1644 ZI-data=2052  
FromELF: creating hex file...
".\Objects\Project.axf" - 0 Error(s), 7 Warning(s).

<h2>Software Packages used:</h2>

Package Vendor: Keil
                http://www.keil.com/pack/Keil.TM4C_DFP.1.1.0.pack
                Keil.TM4C_DFP.1.1.0
                Texas Instruments Tiva C Series Device Support and Examples

<h2>Collection of Component include folders:</h2>
  .\RTE\_Target_1
  D:\Arm\Packs\Keil\TM4C_DFP\1.1.0\Device\Include\TM4C123

<h2>Collection of Component Files used:</h2>
Build Time Elapsed:  00:00:02
</pre>
</body>
</html>
